{
  "messages" : [
    "Start of IO Analysis",
    "  Get Ports",
    "    Detect input port \\in_N (index=0, width=1, offset=0)",
    "    Detect input port \\in_P (index=0, width=1, offset=0)",
    "    Detect output port \\out_N (index=0, width=1, offset=0)",
    "    Detect output port \\out_P (index=0, width=1, offset=0)",
    "  Get Port Primitives",
    "    Get important connection of cell \\I_BUF $iopadmap$top.in_N",
    "      Cell port \\I is connected to input port \\in_N",
    "        Parameter \\WEAK_KEEPER: \"NONE\"",
    "    Get important connection of cell \\I_BUF $iopadmap$top.in_P",
    "      Cell port \\I is connected to input port \\in_P",
    "        Parameter \\WEAK_KEEPER: \"NONE\"",
    "    Get important connection of cell \\O_BUF $iopadmap$top.out_N",
    "      Cell port \\O is connected to output port \\out_N",
    "    Get important connection of cell \\O_BUF $iopadmap$top.out_P",
    "      Cell port \\O is connected to output port \\out_P",
    "  Trace \\CLK_BUF",
    "  Trace \\I_DDR",
    "  Trace \\O_DDR",
    "End of IO Analysis"
  ],
  "instances" : [
    {
      "module" : "I_BUF",
      "name" : "$iopadmap$top.in_N",
      "linked_object" : "in_N",
      "linked_objects" : {
        "in_N" : {
          "location" : "",
          "properties" : {
          }
        }
      },
      "connectivity" : {
        "I" : "in_N",
        "O" : "$iopadmap$in_N"
      },
      "parameters" : {
        "WEAK_KEEPER" : "NONE"
      }
    },
    {
      "module" : "I_BUF",
      "name" : "$iopadmap$top.in_P",
      "linked_object" : "in_P",
      "linked_objects" : {
        "in_P" : {
          "location" : "",
          "properties" : {
          }
        }
      },
      "connectivity" : {
        "I" : "in_P",
        "O" : "$iopadmap$in_P"
      },
      "parameters" : {
        "WEAK_KEEPER" : "NONE"
      }
    },
    {
      "module" : "O_BUF",
      "name" : "$iopadmap$top.out_N",
      "linked_object" : "out_N",
      "linked_objects" : {
        "out_N" : {
          "location" : "",
          "properties" : {
          }
        }
      },
      "connectivity" : {
        "I" : "$iopadmap$out_N",
        "O" : "out_N"
      },
      "parameters" : {
      }
    },
    {
      "module" : "O_BUF",
      "name" : "$iopadmap$top.out_P",
      "linked_object" : "out_P",
      "linked_objects" : {
        "out_P" : {
          "location" : "",
          "properties" : {
          }
        }
      },
      "connectivity" : {
        "I" : "$iopadmap$out_P",
        "O" : "out_P"
      },
      "parameters" : {
      }
    }
  ]
}
