{
  "instances" : [
    {
      "module" : "I_BUF_DS",
      "name" : "i_buf_ds",
      "linked_object" : "din_n+din_p",
      "linked_objects" : {
        "din_n" : {
          "location" : "",
          "properties" : {
          },
          "config_attributes" : [
          ]
        },
        "din_p" : {
          "location" : "",
          "properties" : {
          },
          "config_attributes" : [
          ]
        }
      },
      "connectivity" : {
        "I_N" : "din_n",
        "I_P" : "din_p",
        "O" : "o_buf_ds_i"
      },
      "parameters" : {
      }
    },
    {
      "module" : "O_BUF_DS",
      "name" : "o_buf_ds",
      "linked_object" : "dout_n+dout_p",
      "linked_objects" : {
        "dout_n" : {
          "location" : "",
          "properties" : {
          },
          "config_attributes" : [
          ]
        },
        "dout_p" : {
          "location" : "",
          "properties" : {
          },
          "config_attributes" : [
          ]
        }
      },
      "connectivity" : {
        "I" : "o_buf_ds_i",
        "O_N" : "dout_n",
        "O_P" : "dout_p"
      },
      "parameters" : {
      }
    }
  ]
}
