{
  "messages" : [
    "Start of IO Analysis",
    "  Get Ports",
    "    Detect input port \\ctrl_T (index=0, width=1, offset=0)",
    "    Detect input port \\data_i (index=0, width=1, offset=0)",
    "    Detect output port \\data_o (index=0, width=1, offset=0)",
    "  Get Port Primitives",
    "    Get important connection of cell \\I_BUF \\ctrl_buf",
    "      Cell port \\I is connected to input port \\ctrl_T",
    "    Get important connection of cell \\I_BUF \\data_buf",
    "      Cell port \\I is connected to input port \\data_i",
    "  Trace Clock Buffer",
    "End of IO Analysis"
  ],
  "instances" : [
    {
      "module" : "I_BUF",
      "name" : "ctrl_buf",
      "linked_object" : "ctrl_T",
      "linked_objects" : {
        "ctrl_T" : {
          "location" : "",
          "properties" : {
          }
        }
      },
      "connectivity" : {
        "I" : "ctrl_T",
        "O" : "ctrl_T_buf"
      },
      "parameters" : {
      }
    },
    {
      "module" : "I_BUF",
      "name" : "data_buf",
      "linked_object" : "data_i",
      "linked_objects" : {
        "data_i" : {
          "location" : "",
          "properties" : {
          }
        }
      },
      "connectivity" : {
        "I" : "data_i",
        "O" : "data_i_buf"
      },
      "parameters" : {
      }
    }
  ]
}
