{
  "instances" : [
    {
      "module" : "I_BUF",
      "name" : "$iopadmap$top.din",
      "linked_object" : "din",
      "linked_objects" : {
        "din" : {
          "location" : "",
          "properties" : {
          },
          "config_attributes" : [
          ]
        }
      },
      "connectivity" : {
        "I" : "din",
        "O" : "$iopadmap$din"
      },
      "parameters" : {
        "WEAK_KEEPER" : "NONE"
      }
    },
    {
      "module" : "I_BUF",
      "name" : "$iopadmap$top.out_tristate",
      "linked_object" : "out_tristate",
      "linked_objects" : {
        "out_tristate" : {
          "location" : "",
          "properties" : {
          },
          "config_attributes" : [
          ]
        }
      },
      "connectivity" : {
        "I" : "out_tristate",
        "O" : "$iopadmap$out_tristate"
      },
      "parameters" : {
        "WEAK_KEEPER" : "NONE"
      }
    },
    {
      "module" : "O_BUFT",
      "name" : "o_buft",
      "linked_object" : "dout",
      "linked_objects" : {
        "dout" : {
          "location" : "",
          "properties" : {
          },
          "config_attributes" : [
          ]
        }
      },
      "connectivity" : {
        "I" : "$iopadmap$din",
        "O" : "dout"
      },
      "parameters" : {
      }
    }
  ]
}
