{
  "messages" : [
    "Start of IO Analysis",
    "  Get Ports",
    "    Detect input port \\clk_i (index=0, width=1, offset=0)",
    "    Detect output port \\data_o_delayed (index=0, width=1, offset=0)",
    "    Detect output port \\data_o_ref (index=0, width=1, offset=0)",
    "    Detect input port \\dly_adj (index=0, width=1, offset=0)",
    "    Detect input port \\dly_incdec (index=0, width=1, offset=0)",
    "    Detect input port \\dly_ld (index=0, width=1, offset=0)",
    "    Detect output port \\dly_tap_val_inv (index=0, width=6, offset=0)",
    "    Detect output port \\dly_tap_val_inv (index=1, width=6, offset=0)",
    "    Detect output port \\dly_tap_val_inv (index=2, width=6, offset=0)",
    "    Detect output port \\dly_tap_val_inv (index=3, width=6, offset=0)",
    "    Detect output port \\dly_tap_val_inv (index=4, width=6, offset=0)",
    "    Detect output port \\dly_tap_val_inv (index=5, width=6, offset=0)",
    "  Get Port Primitives",
    "    Get important connection of cell \\I_BUF $iopadmap$i_delay_o_buf.clk_i",
    "      Cell port \\I is connected to input port \\clk_i",
    "        Parameter \\WEAK_KEEPER: \"NONE\"",
    "    Get important connection of cell \\O_BUF $iopadmap$i_delay_o_buf.data_o_ref",
    "      Cell port \\O is connected to output port \\data_o_ref",
    "    Get important connection of cell \\I_BUF $iopadmap$i_delay_o_buf.dly_adj",
    "      Cell port \\I is connected to input port \\dly_adj",
    "        Parameter \\WEAK_KEEPER: \"NONE\"",
    "    Get important connection of cell \\I_BUF $iopadmap$i_delay_o_buf.dly_incdec",
    "      Cell port \\I is connected to input port \\dly_incdec",
    "        Parameter \\WEAK_KEEPER: \"NONE\"",
    "    Get important connection of cell \\I_BUF $iopadmap$i_delay_o_buf.dly_ld",
    "      Cell port \\I is connected to input port \\dly_ld",
    "        Parameter \\WEAK_KEEPER: \"NONE\"",
    "    Get important connection of cell \\O_BUF $iopadmap$i_delay_o_buf.dly_tap_val_inv",
    "      Cell port \\O is connected to output port \\dly_tap_val_inv[0]",
    "    Get important connection of cell \\O_BUF $iopadmap$i_delay_o_buf.dly_tap_val_inv_1",
    "      Cell port \\O is connected to output port \\dly_tap_val_inv[1]",
    "    Get important connection of cell \\O_BUF $iopadmap$i_delay_o_buf.dly_tap_val_inv_2",
    "      Cell port \\O is connected to output port \\dly_tap_val_inv[2]",
    "    Get important connection of cell \\O_BUF $iopadmap$i_delay_o_buf.dly_tap_val_inv_3",
    "      Cell port \\O is connected to output port \\dly_tap_val_inv[3]",
    "    Get important connection of cell \\O_BUF $iopadmap$i_delay_o_buf.dly_tap_val_inv_4",
    "      Cell port \\O is connected to output port \\dly_tap_val_inv[4]",
    "    Get important connection of cell \\O_BUF $iopadmap$i_delay_o_buf.dly_tap_val_inv_5",
    "      Cell port \\O is connected to output port \\dly_tap_val_inv[5]",
    "    Get important connection of cell \\O_BUF \\data_buf",
    "      Cell port \\O is connected to output port \\data_o_delayed",
    "  Trace \\CLK_BUF",
    "  Trace \\I_DELAY",
    "  Trace \\I_DDR",
    "  Trace \\O_DELAY",
    "    Try \\O_BUF \\data_buf out connection: \\data_o_delayed_buf",
    "      Connected \\data_o_delay",
    "  Trace \\O_DDR",
    "End of IO Analysis"
  ],
  "instances" : [
    {
      "module" : "I_BUF",
      "name" : "$iopadmap$i_delay_o_buf.clk_i",
      "linked_object" : "clk_i",
      "linked_objects" : {
        "clk_i" : {
          "location" : "",
          "properties" : {
          }
        }
      },
      "connectivity" : {
        "I" : "clk_i",
        "O" : "$iopadmap$clk_i"
      },
      "parameters" : {
        "WEAK_KEEPER" : "NONE"
      }
    },
    {
      "module" : "O_BUF",
      "name" : "$iopadmap$i_delay_o_buf.data_o_ref",
      "linked_object" : "data_o_ref",
      "linked_objects" : {
        "data_o_ref" : {
          "location" : "",
          "properties" : {
          }
        }
      },
      "connectivity" : {
        "I" : "$iopadmap$data_o_ref",
        "O" : "data_o_ref"
      },
      "parameters" : {
      }
    },
    {
      "module" : "I_BUF",
      "name" : "$iopadmap$i_delay_o_buf.dly_adj",
      "linked_object" : "dly_adj",
      "linked_objects" : {
        "dly_adj" : {
          "location" : "",
          "properties" : {
          }
        }
      },
      "connectivity" : {
        "I" : "dly_adj",
        "O" : "$iopadmap$dly_adj"
      },
      "parameters" : {
        "WEAK_KEEPER" : "NONE"
      }
    },
    {
      "module" : "I_BUF",
      "name" : "$iopadmap$i_delay_o_buf.dly_incdec",
      "linked_object" : "dly_incdec",
      "linked_objects" : {
        "dly_incdec" : {
          "location" : "",
          "properties" : {
          }
        }
      },
      "connectivity" : {
        "I" : "dly_incdec",
        "O" : "$iopadmap$dly_incdec"
      },
      "parameters" : {
        "WEAK_KEEPER" : "NONE"
      }
    },
    {
      "module" : "I_BUF",
      "name" : "$iopadmap$i_delay_o_buf.dly_ld",
      "linked_object" : "dly_ld",
      "linked_objects" : {
        "dly_ld" : {
          "location" : "",
          "properties" : {
          }
        }
      },
      "connectivity" : {
        "I" : "dly_ld",
        "O" : "$iopadmap$dly_ld"
      },
      "parameters" : {
        "WEAK_KEEPER" : "NONE"
      }
    },
    {
      "module" : "O_BUF",
      "name" : "$iopadmap$i_delay_o_buf.dly_tap_val_inv",
      "linked_object" : "dly_tap_val_inv[0]",
      "linked_objects" : {
        "dly_tap_val_inv[0]" : {
          "location" : "",
          "properties" : {
          }
        }
      },
      "connectivity" : {
        "I" : "$iopadmap$dly_tap_val_inv[0]",
        "O" : "dly_tap_val_inv[0]"
      },
      "parameters" : {
      }
    },
    {
      "module" : "O_BUF",
      "name" : "$iopadmap$i_delay_o_buf.dly_tap_val_inv_1",
      "linked_object" : "dly_tap_val_inv[1]",
      "linked_objects" : {
        "dly_tap_val_inv[1]" : {
          "location" : "",
          "properties" : {
          }
        }
      },
      "connectivity" : {
        "I" : "$iopadmap$dly_tap_val_inv[1]",
        "O" : "dly_tap_val_inv[1]"
      },
      "parameters" : {
      }
    },
    {
      "module" : "O_BUF",
      "name" : "$iopadmap$i_delay_o_buf.dly_tap_val_inv_2",
      "linked_object" : "dly_tap_val_inv[2]",
      "linked_objects" : {
        "dly_tap_val_inv[2]" : {
          "location" : "",
          "properties" : {
          }
        }
      },
      "connectivity" : {
        "I" : "$iopadmap$dly_tap_val_inv[2]",
        "O" : "dly_tap_val_inv[2]"
      },
      "parameters" : {
      }
    },
    {
      "module" : "O_BUF",
      "name" : "$iopadmap$i_delay_o_buf.dly_tap_val_inv_3",
      "linked_object" : "dly_tap_val_inv[3]",
      "linked_objects" : {
        "dly_tap_val_inv[3]" : {
          "location" : "",
          "properties" : {
          }
        }
      },
      "connectivity" : {
        "I" : "$iopadmap$dly_tap_val_inv[3]",
        "O" : "dly_tap_val_inv[3]"
      },
      "parameters" : {
      }
    },
    {
      "module" : "O_BUF",
      "name" : "$iopadmap$i_delay_o_buf.dly_tap_val_inv_4",
      "linked_object" : "dly_tap_val_inv[4]",
      "linked_objects" : {
        "dly_tap_val_inv[4]" : {
          "location" : "",
          "properties" : {
          }
        }
      },
      "connectivity" : {
        "I" : "$iopadmap$dly_tap_val_inv[4]",
        "O" : "dly_tap_val_inv[4]"
      },
      "parameters" : {
      }
    },
    {
      "module" : "O_BUF",
      "name" : "$iopadmap$i_delay_o_buf.dly_tap_val_inv_5",
      "linked_object" : "dly_tap_val_inv[5]",
      "linked_objects" : {
        "dly_tap_val_inv[5]" : {
          "location" : "",
          "properties" : {
          }
        }
      },
      "connectivity" : {
        "I" : "$iopadmap$dly_tap_val_inv[5]",
        "O" : "dly_tap_val_inv[5]"
      },
      "parameters" : {
      }
    },
    {
      "module" : "O_DELAY",
      "name" : "data_o_delay",
      "linked_object" : "data_o_delayed",
      "linked_objects" : {
        "data_o_delayed" : {
          "location" : "",
          "properties" : {
          }
        }
      },
      "connectivity" : {
        "I" : "$iopadmap$clk_i",
        "O" : "data_o_delayed_buf"
      },
      "parameters" : {
      }
    },
    {
      "module" : "O_BUF",
      "name" : "data_buf",
      "linked_object" : "data_o_delayed",
      "linked_objects" : {
        "data_o_delayed" : {
          "location" : "",
          "properties" : {
          }
        }
      },
      "connectivity" : {
        "I" : "data_o_delayed_buf",
        "O" : "data_o_delayed"
      },
      "parameters" : {
      }
    }
  ]
}
