{
  "instances" : [
    {
      "module" : "I_BUF",
      "name" : "$iopadmap$i_delay_o_buf.clk_i",
      "linked_object" : "clk_i",
      "linked_objects" : {
        "clk_i" : {
          "location" : "",
          "properties" : {
          },
          "config_attributes" : [
          ]
        }
      },
      "connectivity" : {
        "I" : "clk_i",
        "O" : "$iopadmap$clk_i"
      },
      "parameters" : {
        "WEAK_KEEPER" : "NONE"
      }
    },
    {
      "module" : "O_BUF",
      "name" : "$iopadmap$i_delay_o_buf.data_o_inv_delayed",
      "linked_object" : "data_o_inv_delayed",
      "linked_objects" : {
        "data_o_inv_delayed" : {
          "location" : "",
          "properties" : {
          },
          "config_attributes" : [
          ]
        }
      },
      "connectivity" : {
        "I" : "$iopadmap$data_o_inv_delayed",
        "O" : "data_o_inv_delayed"
      },
      "parameters" : {
      }
    },
    {
      "module" : "I_BUF",
      "name" : "$iopadmap$i_delay_o_buf.dly_adj",
      "linked_object" : "dly_adj",
      "linked_objects" : {
        "dly_adj" : {
          "location" : "",
          "properties" : {
          },
          "config_attributes" : [
          ]
        }
      },
      "connectivity" : {
        "I" : "dly_adj",
        "O" : "$iopadmap$dly_adj"
      },
      "parameters" : {
        "WEAK_KEEPER" : "NONE"
      }
    },
    {
      "module" : "I_BUF",
      "name" : "$iopadmap$i_delay_o_buf.dly_incdec",
      "linked_object" : "dly_incdec",
      "linked_objects" : {
        "dly_incdec" : {
          "location" : "",
          "properties" : {
          },
          "config_attributes" : [
          ]
        }
      },
      "connectivity" : {
        "I" : "dly_incdec",
        "O" : "$iopadmap$dly_incdec"
      },
      "parameters" : {
        "WEAK_KEEPER" : "NONE"
      }
    },
    {
      "module" : "I_BUF",
      "name" : "$iopadmap$i_delay_o_buf.dly_ld",
      "linked_object" : "dly_ld",
      "linked_objects" : {
        "dly_ld" : {
          "location" : "",
          "properties" : {
          },
          "config_attributes" : [
          ]
        }
      },
      "connectivity" : {
        "I" : "dly_ld",
        "O" : "$iopadmap$dly_ld"
      },
      "parameters" : {
        "WEAK_KEEPER" : "NONE"
      }
    },
    {
      "module" : "O_BUF",
      "name" : "$iopadmap$i_delay_o_buf.dly_tap_val_inv",
      "linked_object" : "dly_tap_val_inv[0]",
      "linked_objects" : {
        "dly_tap_val_inv[0]" : {
          "location" : "",
          "properties" : {
          },
          "config_attributes" : [
          ]
        }
      },
      "connectivity" : {
        "I" : "$iopadmap$dly_tap_val_inv[0]",
        "O" : "dly_tap_val_inv[0]"
      },
      "parameters" : {
      }
    },
    {
      "module" : "O_BUF",
      "name" : "$iopadmap$i_delay_o_buf.dly_tap_val_inv_1",
      "linked_object" : "dly_tap_val_inv[1]",
      "linked_objects" : {
        "dly_tap_val_inv[1]" : {
          "location" : "",
          "properties" : {
          },
          "config_attributes" : [
          ]
        }
      },
      "connectivity" : {
        "I" : "$iopadmap$dly_tap_val_inv[1]",
        "O" : "dly_tap_val_inv[1]"
      },
      "parameters" : {
      }
    },
    {
      "module" : "O_BUF",
      "name" : "$iopadmap$i_delay_o_buf.dly_tap_val_inv_2",
      "linked_object" : "dly_tap_val_inv[2]",
      "linked_objects" : {
        "dly_tap_val_inv[2]" : {
          "location" : "",
          "properties" : {
          },
          "config_attributes" : [
          ]
        }
      },
      "connectivity" : {
        "I" : "$iopadmap$dly_tap_val_inv[2]",
        "O" : "dly_tap_val_inv[2]"
      },
      "parameters" : {
      }
    },
    {
      "module" : "O_BUF",
      "name" : "$iopadmap$i_delay_o_buf.dly_tap_val_inv_3",
      "linked_object" : "dly_tap_val_inv[3]",
      "linked_objects" : {
        "dly_tap_val_inv[3]" : {
          "location" : "",
          "properties" : {
          },
          "config_attributes" : [
          ]
        }
      },
      "connectivity" : {
        "I" : "$iopadmap$dly_tap_val_inv[3]",
        "O" : "dly_tap_val_inv[3]"
      },
      "parameters" : {
      }
    },
    {
      "module" : "O_BUF",
      "name" : "$iopadmap$i_delay_o_buf.dly_tap_val_inv_4",
      "linked_object" : "dly_tap_val_inv[4]",
      "linked_objects" : {
        "dly_tap_val_inv[4]" : {
          "location" : "",
          "properties" : {
          },
          "config_attributes" : [
          ]
        }
      },
      "connectivity" : {
        "I" : "$iopadmap$dly_tap_val_inv[4]",
        "O" : "dly_tap_val_inv[4]"
      },
      "parameters" : {
      }
    },
    {
      "module" : "O_BUF",
      "name" : "$iopadmap$i_delay_o_buf.dly_tap_val_inv_5",
      "linked_object" : "dly_tap_val_inv[5]",
      "linked_objects" : {
        "dly_tap_val_inv[5]" : {
          "location" : "",
          "properties" : {
          },
          "config_attributes" : [
          ]
        }
      },
      "connectivity" : {
        "I" : "$iopadmap$dly_tap_val_inv[5]",
        "O" : "dly_tap_val_inv[5]"
      },
      "parameters" : {
      }
    },
    {
      "module" : "I_BUF",
      "name" : "data_buf",
      "linked_object" : "data_i",
      "linked_objects" : {
        "data_i" : {
          "location" : "",
          "properties" : {
          },
          "config_attributes" : [
          ]
        }
      },
      "connectivity" : {
        "I" : "data_i",
        "O" : "data_i_buf"
      },
      "parameters" : {
      }
    },
    {
      "module" : "I_DELAY",
      "name" : "data_i_delay",
      "linked_object" : "data_i",
      "linked_objects" : {
        "data_i" : {
          "location" : "",
          "properties" : {
          },
          "config_attributes" : [
          ]
        }
      },
      "connectivity" : {
        "I" : "data_i_buf",
        "O" : "data_o"
      },
      "parameters" : {
      }
    }
  ]
}
