{
  "instances" : [
    {
      "module" : "I_BUF",
      "name" : "$iopadmap$top.delay_adj",
      "linked_object" : "delay_adj",
      "linked_objects" : {
        "delay_adj" : {
          "location" : "HR_1_1_0N",
          "properties" : {
          },
          "config_attributes" : [
            {
              "I_BUF" : "WEAK_KEEPER==NONE"
            },
            {
              "I_BUF" : "IOSTANDARD==DEFAULT"
            }
          ]
        }
      },
      "connectivity" : {
        "I" : "delay_adj",
        "O" : "$iopadmap$delay_adj"
      },
      "parameters" : {
        "WEAK_KEEPER" : "NONE"
      },
      "__location_validation__" : "TRUE",
      "__location_validation_msg__" : "Pass:__pin_is_valid__,__check_pin_resource__"
    },
    {
      "module" : "I_BUF",
      "name" : "$iopadmap$top.delay_incdec",
      "linked_object" : "delay_incdec",
      "linked_objects" : {
        "delay_incdec" : {
          "location" : "HR_1_2_1P",
          "properties" : {
          },
          "config_attributes" : [
            {
              "I_BUF" : "WEAK_KEEPER==NONE"
            },
            {
              "I_BUF" : "IOSTANDARD==DEFAULT"
            }
          ]
        }
      },
      "connectivity" : {
        "I" : "delay_incdec",
        "O" : "$iopadmap$delay_incdec"
      },
      "parameters" : {
        "WEAK_KEEPER" : "NONE"
      },
      "__location_validation__" : "TRUE",
      "__location_validation_msg__" : "Pass:__pin_is_valid__,__check_pin_resource__"
    },
    {
      "module" : "I_BUF",
      "name" : "$iopadmap$top.delay_load",
      "linked_object" : "delay_load",
      "linked_objects" : {
        "delay_load" : {
          "location" : "HR_1_0_0P",
          "properties" : {
          },
          "config_attributes" : [
            {
              "I_BUF" : "WEAK_KEEPER==NONE"
            },
            {
              "I_BUF" : "IOSTANDARD==DEFAULT"
            }
          ]
        }
      },
      "connectivity" : {
        "I" : "delay_load",
        "O" : "$iopadmap$delay_load"
      },
      "parameters" : {
        "WEAK_KEEPER" : "NONE"
      },
      "__location_validation__" : "TRUE",
      "__location_validation_msg__" : "Pass:__pin_is_valid__,__check_pin_resource__"
    },
    {
      "module" : "I_BUF",
      "name" : "$iopadmap$top.din",
      "linked_object" : "din",
      "linked_objects" : {
        "din" : {
          "location" : "HP_1_0_0P",
          "properties" : {
          },
          "config_attributes" : [
            {
              "I_BUF" : "WEAK_KEEPER==NONE"
            },
            {
              "I_BUF" : "IOSTANDARD==DEFAULT"
            }
          ]
        }
      },
      "connectivity" : {
        "I" : "din",
        "O" : "$iopadmap$din"
      },
      "parameters" : {
        "WEAK_KEEPER" : "NONE"
      },
      "__location_validation__" : "TRUE",
      "__location_validation_msg__" : "Pass:__pin_is_valid__,__check_pin_resource__"
    },
    {
      "module" : "I_DELAY",
      "name" : "i_delay",
      "linked_object" : "din",
      "linked_objects" : {
        "din" : {
          "location" : "HP_1_0_0P",
          "properties" : {
          },
          "config_attributes" : [
            {
              "RX_DLY" : "50"
            }
          ]
        }
      },
      "connectivity" : {
        "I" : "$iopadmap$din",
        "O" : "o_delay_i"
      },
      "parameters" : {
        "DELAY" : "50"
      },
      "__location_validation__" : "TRUE",
      "__location_validation_msg__" : ""
    },
    {
      "module" : "O_BUF",
      "name" : "$iopadmap$top.dout",
      "linked_object" : "dout",
      "linked_objects" : {
        "dout" : {
          "location" : "HP_1_1_0N",
          "properties" : {
          },
          "config_attributes" : [
            {
              "O_BUF" : "IOSTANDARD==DEFAULT"
            }
          ]
        }
      },
      "connectivity" : {
        "I" : "$iopadmap$dout",
        "O" : "dout"
      },
      "parameters" : {
      },
      "__location_validation__" : "TRUE",
      "__location_validation_msg__" : "Pass:__pin_is_valid__,__check_pin_resource__"
    },
    {
      "module" : "O_DELAY",
      "name" : "o_delay",
      "linked_object" : "dout",
      "linked_objects" : {
        "dout" : {
          "location" : "HP_1_1_0N",
          "properties" : {
          },
          "config_attributes" : [
            {
              "TX_DLY" : "60"
            }
          ]
        }
      },
      "connectivity" : {
        "I" : "o_delay_i",
        "O" : "$iopadmap$dout"
      },
      "parameters" : {
        "DELAY" : "60"
      },
      "__location_validation__" : "TRUE",
      "__location_validation_msg__" : ""
    },
    {
      "module" : "O_BUF",
      "name" : "$iopadmap$top.i_delay_value",
      "linked_object" : "i_delay_value[0]",
      "linked_objects" : {
        "i_delay_value[0]" : {
          "location" : "HR_3_0_0P",
          "properties" : {
          },
          "config_attributes" : [
            {
              "O_BUF" : "IOSTANDARD==DEFAULT"
            }
          ]
        }
      },
      "connectivity" : {
        "I" : "$iopadmap$i_delay_value[0]",
        "O" : "i_delay_value[0]"
      },
      "parameters" : {
      },
      "__location_validation__" : "TRUE",
      "__location_validation_msg__" : "Pass:__pin_is_valid__,__check_pin_resource__"
    },
    {
      "module" : "O_BUF",
      "name" : "$iopadmap$top.i_delay_value_1",
      "linked_object" : "i_delay_value[1]",
      "linked_objects" : {
        "i_delay_value[1]" : {
          "location" : "HR_3_1_0N",
          "properties" : {
          },
          "config_attributes" : [
            {
              "O_BUF" : "IOSTANDARD==DEFAULT"
            }
          ]
        }
      },
      "connectivity" : {
        "I" : "$iopadmap$i_delay_value[1]",
        "O" : "i_delay_value[1]"
      },
      "parameters" : {
      },
      "__location_validation__" : "TRUE",
      "__location_validation_msg__" : "Pass:__pin_is_valid__,__check_pin_resource__"
    },
    {
      "module" : "O_BUF",
      "name" : "$iopadmap$top.i_delay_value_2",
      "linked_object" : "i_delay_value[2]",
      "linked_objects" : {
        "i_delay_value[2]" : {
          "location" : "HR_3_2_1P",
          "properties" : {
          },
          "config_attributes" : [
            {
              "O_BUF" : "IOSTANDARD==DEFAULT"
            }
          ]
        }
      },
      "connectivity" : {
        "I" : "$iopadmap$i_delay_value[2]",
        "O" : "i_delay_value[2]"
      },
      "parameters" : {
      },
      "__location_validation__" : "TRUE",
      "__location_validation_msg__" : "Pass:__pin_is_valid__,__check_pin_resource__"
    },
    {
      "module" : "O_BUF",
      "name" : "$iopadmap$top.i_delay_value_3",
      "linked_object" : "i_delay_value[3]",
      "linked_objects" : {
        "i_delay_value[3]" : {
          "location" : "HR_3_3_1N",
          "properties" : {
          },
          "config_attributes" : [
            {
              "O_BUF" : "IOSTANDARD==DEFAULT"
            }
          ]
        }
      },
      "connectivity" : {
        "I" : "$iopadmap$i_delay_value[3]",
        "O" : "i_delay_value[3]"
      },
      "parameters" : {
      },
      "__location_validation__" : "TRUE",
      "__location_validation_msg__" : "Pass:__pin_is_valid__,__check_pin_resource__"
    },
    {
      "module" : "O_BUF",
      "name" : "$iopadmap$top.i_delay_value_4",
      "linked_object" : "i_delay_value[4]",
      "linked_objects" : {
        "i_delay_value[4]" : {
          "location" : "HR_3_4_2P",
          "properties" : {
          },
          "config_attributes" : [
            {
              "O_BUF" : "IOSTANDARD==DEFAULT"
            }
          ]
        }
      },
      "connectivity" : {
        "I" : "$iopadmap$i_delay_value[4]",
        "O" : "i_delay_value[4]"
      },
      "parameters" : {
      },
      "__location_validation__" : "TRUE",
      "__location_validation_msg__" : "Pass:__pin_is_valid__,__check_pin_resource__"
    },
    {
      "module" : "O_BUF",
      "name" : "$iopadmap$top.i_delay_value_5",
      "linked_object" : "i_delay_value[5]",
      "linked_objects" : {
        "i_delay_value[5]" : {
          "location" : "HR_3_5_2N",
          "properties" : {
          },
          "config_attributes" : [
            {
              "O_BUF" : "IOSTANDARD==DEFAULT"
            }
          ]
        }
      },
      "connectivity" : {
        "I" : "$iopadmap$i_delay_value[5]",
        "O" : "i_delay_value[5]"
      },
      "parameters" : {
      },
      "__location_validation__" : "TRUE",
      "__location_validation_msg__" : "Pass:__pin_is_valid__,__check_pin_resource__"
    },
    {
      "module" : "O_BUF",
      "name" : "$iopadmap$top.o_delay_value",
      "linked_object" : "o_delay_value[0]",
      "linked_objects" : {
        "o_delay_value[0]" : {
          "location" : "HR_3_6_3P",
          "properties" : {
          },
          "config_attributes" : [
            {
              "O_BUF" : "IOSTANDARD==DEFAULT"
            }
          ]
        }
      },
      "connectivity" : {
        "I" : "$iopadmap$o_delay_value[0]",
        "O" : "o_delay_value[0]"
      },
      "parameters" : {
      },
      "__location_validation__" : "TRUE",
      "__location_validation_msg__" : "Pass:__pin_is_valid__,__check_pin_resource__"
    },
    {
      "module" : "O_BUF",
      "name" : "$iopadmap$top.o_delay_value_1",
      "linked_object" : "o_delay_value[1]",
      "linked_objects" : {
        "o_delay_value[1]" : {
          "location" : "HR_3_7_3N",
          "properties" : {
          },
          "config_attributes" : [
            {
              "O_BUF" : "IOSTANDARD==DEFAULT"
            }
          ]
        }
      },
      "connectivity" : {
        "I" : "$iopadmap$o_delay_value[1]",
        "O" : "o_delay_value[1]"
      },
      "parameters" : {
      },
      "__location_validation__" : "TRUE",
      "__location_validation_msg__" : "Pass:__pin_is_valid__,__check_pin_resource__"
    },
    {
      "module" : "O_BUF",
      "name" : "$iopadmap$top.o_delay_value_2",
      "linked_object" : "o_delay_value[2]",
      "linked_objects" : {
        "o_delay_value[2]" : {
          "location" : "HR_3_8_4P",
          "properties" : {
          },
          "config_attributes" : [
            {
              "O_BUF" : "IOSTANDARD==DEFAULT"
            }
          ]
        }
      },
      "connectivity" : {
        "I" : "$iopadmap$o_delay_value[2]",
        "O" : "o_delay_value[2]"
      },
      "parameters" : {
      },
      "__location_validation__" : "TRUE",
      "__location_validation_msg__" : "Pass:__pin_is_valid__,__check_pin_resource__"
    },
    {
      "module" : "O_BUF",
      "name" : "$iopadmap$top.o_delay_value_3",
      "linked_object" : "o_delay_value[3]",
      "linked_objects" : {
        "o_delay_value[3]" : {
          "location" : "HR_3_9_4N",
          "properties" : {
          },
          "config_attributes" : [
            {
              "O_BUF" : "IOSTANDARD==DEFAULT"
            }
          ]
        }
      },
      "connectivity" : {
        "I" : "$iopadmap$o_delay_value[3]",
        "O" : "o_delay_value[3]"
      },
      "parameters" : {
      },
      "__location_validation__" : "TRUE",
      "__location_validation_msg__" : "Pass:__pin_is_valid__,__check_pin_resource__"
    },
    {
      "module" : "O_BUF",
      "name" : "$iopadmap$top.o_delay_value_4",
      "linked_object" : "o_delay_value[4]",
      "linked_objects" : {
        "o_delay_value[4]" : {
          "location" : "HR_3_CC_10_5P",
          "properties" : {
          },
          "config_attributes" : [
            {
              "O_BUF" : "IOSTANDARD==DEFAULT"
            }
          ]
        }
      },
      "connectivity" : {
        "I" : "$iopadmap$o_delay_value[4]",
        "O" : "o_delay_value[4]"
      },
      "parameters" : {
      },
      "__location_validation__" : "TRUE",
      "__location_validation_msg__" : "Pass:__pin_is_valid__,__check_pin_resource__"
    },
    {
      "module" : "O_BUF",
      "name" : "$iopadmap$top.o_delay_value_5",
      "linked_object" : "o_delay_value[5]",
      "linked_objects" : {
        "o_delay_value[5]" : {
          "location" : "HR_3_CC_11_5N",
          "properties" : {
          },
          "config_attributes" : [
            {
              "O_BUF" : "IOSTANDARD==DEFAULT"
            }
          ]
        }
      },
      "connectivity" : {
        "I" : "$iopadmap$o_delay_value[5]",
        "O" : "o_delay_value[5]"
      },
      "parameters" : {
      },
      "__location_validation__" : "TRUE",
      "__location_validation_msg__" : "Pass:__pin_is_valid__,__check_pin_resource__"
    },
    {
      "module" : "I_BUF",
      "name" : "clk_i_buf",
      "linked_object" : "clk",
      "linked_objects" : {
        "clk" : {
          "location" : "HP_1_CC_10_5P",
          "properties" : {
          },
          "config_attributes" : [
            {
              "I_BUF" : "WEAK_KEEPER==DEFAULT"
            },
            {
              "I_BUF" : "IOSTANDARD==DEFAULT"
            }
          ]
        }
      },
      "connectivity" : {
        "I" : "clk",
        "O" : "clk_buf_i"
      },
      "parameters" : {
      },
      "__location_validation__" : "TRUE",
      "__location_validation_msg__" : "Pass:__pin_is_valid__,__check_pin_resource__"
    },
    {
      "module" : "CLK_BUF",
      "name" : "clk_buf",
      "linked_object" : "clk",
      "linked_objects" : {
        "clk" : {
          "location" : "HP_1_CC_10_5P",
          "properties" : {
            "ROUTE_TO_FABRIC_CLK" : "0"
          },
          "config_attributes" : [
          ]
        }
      },
      "connectivity" : {
        "I" : "clk_buf_i",
        "O" : "clk_clk_buf"
      },
      "parameters" : {
        "ROUTE_TO_FABRIC_CLK" : "0"
      },
      "__location_validation__" : "TRUE",
      "__location_validation_msg__" : "Pass:__clock_pin_is_valid__,__check_fabric_clock_resource__,__update_fabric_clock_resource__"
    }
  ]
}
