{
  "messages" : [
    "Start of IO Analysis",
    "  Get Ports",
    "    Detect input port \\clk (index=0, width=1, offset=0)",
    "    Detect input port \\din (index=0, width=1, offset=0)",
    "    Detect output port \\dout (index=0, width=1, offset=0)",
    "  Get Port Primitives",
    "    Get important connection of cell \\I_BUF $iopadmap$top.clk",
    "      Cell port \\I is connected to input port \\clk",
    "        Parameter \\WEAK_KEEPER: \"NONE\"",
    "    Get important connection of cell \\I_BUF $iopadmap$top.din",
    "      Cell port \\I is connected to input port \\din",
    "        Parameter \\WEAK_KEEPER: \"NONE\"",
    "    Get important connection of cell \\O_BUF $iopadmap$top.dout",
    "      Cell port \\O is connected to output port \\dout",
    "  Trace \\CLK_BUF",
    "    Try \\I_BUF $iopadmap$top.clk out connection: $iopadmap$clk",
    "      Connected $auto$clkbufmap.cc:265:execute$428",
    "        Additional Connection: $auto$clkbufmap.cc:266:execute$429",
    "  Trace \\I_DDR",
    "  Trace \\O_DDR",
    "End of IO Analysis"
  ],
  "instances" : [
    {
      "module" : "I_BUF",
      "name" : "$iopadmap$top.clk",
      "linked_object" : "clk",
      "linked_objects" : {
        "clk" : {
          "location" : "",
          "properties" : {
          }
        }
      },
      "connectivity" : {
        "I" : "clk",
        "O" : "$iopadmap$clk"
      },
      "parameters" : {
        "WEAK_KEEPER" : "NONE"
      }
    },
    {
      "module" : "WIRE",
      "name" : "AUTO_CLK_BUF_clk_#0",
      "linked_object" : "clk",
      "linked_objects" : {
        "clk" : {
          "location" : "",
          "properties" : {
          }
        }
      },
      "connectivity" : {
        "I" : "$iopadmap$clk",
        "O" : "$auto$clkbufmap.cc:266:execute$429"
      },
      "parameters" : {
      }
    },
    {
      "module" : "CLK_BUF",
      "name" : "$auto$clkbufmap.cc:265:execute$428",
      "linked_object" : "clk",
      "linked_objects" : {
        "clk" : {
          "location" : "",
          "properties" : {
          }
        }
      },
      "connectivity" : {
        "I" : "$auto$clkbufmap.cc:266:execute$429",
        "O" : "$auto$clkbufmap.cc:298:execute$430"
      },
      "parameters" : {
      }
    },
    {
      "module" : "I_BUF",
      "name" : "$iopadmap$top.din",
      "linked_object" : "din",
      "linked_objects" : {
        "din" : {
          "location" : "",
          "properties" : {
          }
        }
      },
      "connectivity" : {
        "I" : "din",
        "O" : "$iopadmap$din"
      },
      "parameters" : {
        "WEAK_KEEPER" : "NONE"
      }
    },
    {
      "module" : "O_BUF",
      "name" : "$iopadmap$top.dout",
      "linked_object" : "dout",
      "linked_objects" : {
        "dout" : {
          "location" : "",
          "properties" : {
          }
        }
      },
      "connectivity" : {
        "I" : "$iopadmap$dout",
        "O" : "dout"
      },
      "parameters" : {
      }
    }
  ]
}
