{
  "instances" : [
    {
      "module" : "I_BUF",
      "name" : "$iopadmap$top.clk",
      "linked_object" : "clk",
      "linked_objects" : {
        "clk" : {
          "location" : "",
          "properties" : {
          },
          "config_attributes" : [
          ]
        }
      },
      "connectivity" : {
        "I" : "clk",
        "O" : "$iopadmap$clk"
      },
      "parameters" : {
        "WEAK_KEEPER" : "NONE"
      },
      "__location_validation__" : "FALSE",
      "__location_validation_msg__" : "Skip because Python is ignored"
    },
    {
      "module" : "CLK_BUF",
      "name" : "$auto$clkbufmap.cc:265:execute$428",
      "linked_object" : "clk",
      "linked_objects" : {
        "clk" : {
          "location" : "",
          "properties" : {
            "ROUTE_TO_FABRIC_CLK" : "0"
          },
          "config_attributes" : [
          ]
        }
      },
      "connectivity" : {
        "I" : "$iopadmap$clk",
        "O" : "$auto$clkbufmap.cc:298:execute$430"
      },
      "parameters" : {
        "ROUTE_TO_FABRIC_CLK" : "0"
      },
      "__location_validation__" : "FALSE",
      "__location_validation_msg__" : "Skip because Python is ignored"
    },
    {
      "module" : "I_BUF",
      "name" : "$iopadmap$top.din",
      "linked_object" : "din",
      "linked_objects" : {
        "din" : {
          "location" : "",
          "properties" : {
          },
          "config_attributes" : [
          ]
        }
      },
      "connectivity" : {
        "I" : "din",
        "O" : "$iopadmap$din"
      },
      "parameters" : {
        "WEAK_KEEPER" : "NONE"
      },
      "__location_validation__" : "FALSE",
      "__location_validation_msg__" : "Skip because Python is ignored"
    },
    {
      "module" : "O_BUF",
      "name" : "$iopadmap$top.dout",
      "linked_object" : "dout",
      "linked_objects" : {
        "dout" : {
          "location" : "",
          "properties" : {
          },
          "config_attributes" : [
          ]
        }
      },
      "connectivity" : {
        "I" : "$iopadmap$dout",
        "O" : "dout"
      },
      "parameters" : {
      },
      "__location_validation__" : "FALSE",
      "__location_validation_msg__" : "Skip because Python is ignored"
    }
  ]
}
