{
  "instances" : [
    {
      "module" : "I_BUF",
      "name" : "$iopadmap$i_delay_o_buf.clk_i",
      "linked_object" : "clk_i",
      "linked_objects" : {
        "clk_i" : {
          "location" : "",
          "properties" : {
          },
          "config_attributes" : [
          ]
        }
      },
      "connectivity" : {
        "I" : "clk_i",
        "O" : "$iopadmap$clk_i"
      },
      "parameters" : {
        "WEAK_KEEPER" : "NONE"
      }
    },
    {
      "module" : "WIRE",
      "name" : "AUTO_CLK_BUF_clk_i_#0",
      "linked_object" : "clk_i",
      "linked_objects" : {
        "clk_i" : {
          "location" : "",
          "properties" : {
          },
          "config_attributes" : [
          ]
        }
      },
      "connectivity" : {
        "I" : "$iopadmap$clk_i",
        "O" : "$auto$clkbufmap.cc:266:execute$601"
      },
      "parameters" : {
      }
    },
    {
      "module" : "CLK_BUF",
      "name" : "$auto$clkbufmap.cc:265:execute$600",
      "linked_object" : "clk_i",
      "linked_objects" : {
        "clk_i" : {
          "location" : "",
          "properties" : {
          },
          "config_attributes" : [
          ]
        }
      },
      "connectivity" : {
        "I" : "$auto$clkbufmap.cc:266:execute$601",
        "O" : "$auto$clkbufmap.cc:298:execute$602"
      },
      "parameters" : {
      }
    },
    {
      "module" : "O_BUF",
      "name" : "$iopadmap$i_delay_o_buf.data_o",
      "linked_object" : "data_o[0]",
      "linked_objects" : {
        "data_o[0]" : {
          "location" : "",
          "properties" : {
          },
          "config_attributes" : [
          ]
        }
      },
      "connectivity" : {
        "I" : "$iopadmap$data_o[0]",
        "O" : "data_o[0]"
      },
      "parameters" : {
      }
    },
    {
      "module" : "O_BUF",
      "name" : "$iopadmap$i_delay_o_buf.data_o_1",
      "linked_object" : "data_o[1]",
      "linked_objects" : {
        "data_o[1]" : {
          "location" : "",
          "properties" : {
          },
          "config_attributes" : [
          ]
        }
      },
      "connectivity" : {
        "I" : "$iopadmap$data_o[1]",
        "O" : "data_o[1]"
      },
      "parameters" : {
      }
    },
    {
      "module" : "I_BUF",
      "name" : "$iopadmap$i_delay_o_buf.dly_inc_pulse_inv",
      "linked_object" : "dly_inc_pulse_inv",
      "linked_objects" : {
        "dly_inc_pulse_inv" : {
          "location" : "",
          "properties" : {
          },
          "config_attributes" : [
          ]
        }
      },
      "connectivity" : {
        "I" : "dly_inc_pulse_inv",
        "O" : "$iopadmap$dly_inc_pulse_inv"
      },
      "parameters" : {
        "WEAK_KEEPER" : "NONE"
      }
    },
    {
      "module" : "I_BUF",
      "name" : "$iopadmap$i_delay_o_buf.enable",
      "linked_object" : "enable",
      "linked_objects" : {
        "enable" : {
          "location" : "",
          "properties" : {
          },
          "config_attributes" : [
          ]
        }
      },
      "connectivity" : {
        "I" : "enable",
        "O" : "$iopadmap$enable"
      },
      "parameters" : {
        "WEAK_KEEPER" : "NONE"
      }
    },
    {
      "module" : "I_BUF",
      "name" : "$iopadmap$i_delay_o_buf.reset_n",
      "linked_object" : "reset_n",
      "linked_objects" : {
        "reset_n" : {
          "location" : "",
          "properties" : {
          },
          "config_attributes" : [
          ]
        }
      },
      "connectivity" : {
        "I" : "reset_n",
        "O" : "$iopadmap$reset_n"
      },
      "parameters" : {
        "WEAK_KEEPER" : "NONE"
      }
    },
    {
      "module" : "I_BUF",
      "name" : "data_buf",
      "linked_object" : "data_i",
      "linked_objects" : {
        "data_i" : {
          "location" : "",
          "properties" : {
          },
          "config_attributes" : [
          ]
        }
      },
      "connectivity" : {
        "I" : "data_i",
        "O" : "data_i_buf"
      },
      "parameters" : {
      }
    },
    {
      "module" : "I_DELAY",
      "name" : "data_i_delay",
      "linked_object" : "data_i",
      "linked_objects" : {
        "data_i" : {
          "location" : "",
          "properties" : {
          },
          "config_attributes" : [
          ]
        }
      },
      "connectivity" : {
        "I" : "data_i_buf",
        "O" : "data_i_buf_delayed"
      },
      "parameters" : {
      }
    },
    {
      "module" : "I_DDR",
      "name" : "data_i_ddr",
      "linked_object" : "data_i",
      "linked_objects" : {
        "data_i" : {
          "location" : "",
          "properties" : {
          },
          "config_attributes" : [
          ]
        }
      },
      "connectivity" : {
        "D" : "data_i_buf_delayed"
      },
      "parameters" : {
      }
    }
  ]
}
