{
  "messages" : [
    "Start of IO Analysis",
    "  Get Ports",
    "    Detect input port \\clk_i (index=0, width=1, offset=0)",
    "    Detect input port \\data_i (index=0, width=1, offset=0)",
    "    Detect output port \\data_o (index=0, width=2, offset=0)",
    "    Detect output port \\data_o (index=1, width=2, offset=0)",
    "    Detect input port \\enable (index=0, width=1, offset=0)",
    "    Detect input port \\reset_n (index=0, width=1, offset=0)",
    "  Get Port Primitives",
    "    Get important connection of cell \\I_BUF $iopadmap$top.clk_i",
    "      Cell port \\I is connected to input port \\clk_i",
    "        Parameter \\WEAK_KEEPER: \"NONE\"",
    "    Get important connection of cell \\O_BUF $iopadmap$top.data_o",
    "      Cell port \\O is connected to output port \\data_o[0]",
    "    Get important connection of cell \\O_BUF $iopadmap$top.data_o_1",
    "      Cell port \\O is connected to output port \\data_o[1]",
    "    Get important connection of cell \\I_BUF $iopadmap$top.enable",
    "      Cell port \\I is connected to input port \\enable",
    "        Parameter \\WEAK_KEEPER: \"NONE\"",
    "    Get important connection of cell \\I_BUF $iopadmap$top.reset_n",
    "      Cell port \\I is connected to input port \\reset_n",
    "        Parameter \\WEAK_KEEPER: \"NONE\"",
    "    Get important connection of cell \\I_BUF \\i_buf",
    "      Cell port \\I is connected to input port \\data_i",
    "  Trace Clock Buffer",
    "    Try \\I_BUF $iopadmap$top.clk_i out connection: $iopadmap$clk_i",
    "      Connected $auto$clkbufmap.cc:265:execute$482",
    "        Additional Connection: $auto$clkbufmap.cc:266:execute$483",
    "End of IO Analysis"
  ],
  "instances" : [
    {
      "module" : "I_BUF",
      "name" : "$iopadmap$top.clk_i",
      "linked_object" : "clk_i",
      "linked_objects" : {
        "clk_i" : {
          "location" : "",
          "properties" : {
          }
        }
      },
      "connectivity" : {
        "I" : "clk_i",
        "O" : "$iopadmap$clk_i"
      },
      "parameters" : {
        "WEAK_KEEPER" : "NONE"
      }
    },
    {
      "module" : "WIRE",
      "name" : "AUTO_CLK_BUF_clk_i_#0",
      "linked_object" : "clk_i",
      "linked_objects" : {
        "clk_i" : {
          "location" : "",
          "properties" : {
          }
        }
      },
      "connectivity" : {
        "I" : "$iopadmap$clk_i",
        "O" : "$auto$clkbufmap.cc:266:execute$483"
      },
      "parameters" : {
      }
    },
    {
      "module" : "CLK_BUF",
      "name" : "$auto$clkbufmap.cc:265:execute$482",
      "linked_object" : "clk_i",
      "linked_objects" : {
        "clk_i" : {
          "location" : "",
          "properties" : {
          }
        }
      },
      "connectivity" : {
        "I" : "$auto$clkbufmap.cc:266:execute$483",
        "O" : "$auto$clkbufmap.cc:298:execute$484"
      },
      "parameters" : {
      }
    },
    {
      "module" : "O_BUF",
      "name" : "$iopadmap$top.data_o",
      "linked_object" : "data_o[0]",
      "linked_objects" : {
        "data_o[0]" : {
          "location" : "",
          "properties" : {
          }
        }
      },
      "connectivity" : {
        "I" : "$iopadmap$data_o[0]",
        "O" : "data_o[0]"
      },
      "parameters" : {
      }
    },
    {
      "module" : "O_BUF",
      "name" : "$iopadmap$top.data_o_1",
      "linked_object" : "data_o[1]",
      "linked_objects" : {
        "data_o[1]" : {
          "location" : "",
          "properties" : {
          }
        }
      },
      "connectivity" : {
        "I" : "$iopadmap$data_o[1]",
        "O" : "data_o[1]"
      },
      "parameters" : {
      }
    },
    {
      "module" : "I_BUF",
      "name" : "$iopadmap$top.enable",
      "linked_object" : "enable",
      "linked_objects" : {
        "enable" : {
          "location" : "",
          "properties" : {
          }
        }
      },
      "connectivity" : {
        "I" : "enable",
        "O" : "$iopadmap$enable"
      },
      "parameters" : {
        "WEAK_KEEPER" : "NONE"
      }
    },
    {
      "module" : "I_BUF",
      "name" : "$iopadmap$top.reset_n",
      "linked_object" : "reset_n",
      "linked_objects" : {
        "reset_n" : {
          "location" : "",
          "properties" : {
          }
        }
      },
      "connectivity" : {
        "I" : "reset_n",
        "O" : "$iopadmap$reset_n"
      },
      "parameters" : {
        "WEAK_KEEPER" : "NONE"
      }
    },
    {
      "module" : "I_BUF",
      "name" : "i_buf",
      "linked_object" : "data_i",
      "linked_objects" : {
        "data_i" : {
          "location" : "",
          "properties" : {
          }
        }
      },
      "connectivity" : {
        "I" : "data_i",
        "O" : "data_i_buf"
      },
      "parameters" : {
      }
    }
  ]
}
