{
  "messages" : [
    "Start of IO Analysis",
    "  Get Ports",
    "    Detect input port \\din (index=0, width=1, offset=0)",
    "    Detect output port \\dout_n (index=0, width=1, offset=0)",
    "    Detect output port \\dout_p (index=0, width=1, offset=0)",
    "    Detect input port \\out_tristate (index=0, width=1, offset=0)",
    "  Get Port Primitives",
    "    Get important connection of cell \\I_BUF $iopadmap$top.din",
    "      Cell port \\I is connected to input port \\din",
    "        Parameter \\WEAK_KEEPER: \"NONE\"",
    "    Get important connection of cell \\I_BUF $iopadmap$top.out_tristate",
    "      Cell port \\I is connected to input port \\out_tristate",
    "        Parameter \\WEAK_KEEPER: \"NONE\"",
    "    Get important connection of cell \\O_BUFT_DS \\o_buft_ds",
    "      Cell port \\O_N is connected to output port \\dout_n",
    "      Cell port \\O_P is connected to output port \\dout_p",
    "  Trace \\I_BUF --> \\CLK_BUF",
    "  Trace \\I_BUF --> \\PLL",
    "  Trace \\I_BUF --> \\I_DELAY",
    "  Trace \\I_BUF --> \\I_DDR",
    "  Trace \\I_BUF_DS --> \\I_DELAY",
    "  Trace \\I_BUF_DS --> \\I_DDR",
    "  Trace \\I_DELAY --> \\I_DDR",
    "  Trace \\O_BUF --> \\O_DELAY",
    "  Trace \\O_BUF --> \\O_DDR",
    "  Trace \\O_BUFT --> \\O_DELAY",
    "  Trace \\O_BUFT --> \\O_DDR",
    "  Trace \\O_BUF_DS --> \\O_DELAY",
    "  Trace \\O_BUF_DS --> \\O_DDR",
    "  Trace \\O_BUFT_DS --> \\O_DELAY",
    "  Trace \\O_BUFT_DS --> \\O_DDR",
    "  Trace \\O_DELAY --> \\O_DDR",
    "End of IO Analysis"
  ],
  "instances" : [
    {
      "module" : "I_BUF",
      "name" : "$iopadmap$top.din",
      "linked_object" : "din",
      "linked_objects" : {
        "din" : {
          "location" : "",
          "properties" : {
          }
        }
      },
      "connectivity" : {
        "I" : "din",
        "O" : "$iopadmap$din"
      },
      "parameters" : {
        "WEAK_KEEPER" : "NONE"
      }
    },
    {
      "module" : "I_BUF",
      "name" : "$iopadmap$top.out_tristate",
      "linked_object" : "out_tristate",
      "linked_objects" : {
        "out_tristate" : {
          "location" : "",
          "properties" : {
          }
        }
      },
      "connectivity" : {
        "I" : "out_tristate",
        "O" : "$iopadmap$out_tristate"
      },
      "parameters" : {
        "WEAK_KEEPER" : "NONE"
      }
    },
    {
      "module" : "O_BUFT_DS",
      "name" : "o_buft_ds",
      "linked_object" : "dout_n+dout_p",
      "linked_objects" : {
        "dout_n" : {
          "location" : "",
          "properties" : {
          }
        },
        "dout_p" : {
          "location" : "",
          "properties" : {
          }
        }
      },
      "connectivity" : {
        "I" : "$iopadmap$din",
        "O_N" : "dout_n",
        "O_P" : "dout_p"
      },
      "parameters" : {
      }
    }
  ]
}
