{
  "instances" : [
    {
      "module" : "I_BUF",
      "name" : "$iopadmap$top.din",
      "linked_object" : "din",
      "linked_objects" : {
        "din" : {
          "location" : "HP_1_0_0P",
          "properties" : {
          },
          "config_attributes" : [
            {
              "I_BUF" : "WEAK_KEEPER==NONE"
            },
            {
              "I_BUF" : "IOSTANDARD==DEFAULT"
            }
          ]
        }
      },
      "connectivity" : {
        "I" : "din",
        "O" : "$iopadmap$din"
      },
      "parameters" : {
        "WEAK_KEEPER" : "NONE"
      },
      "__location_validation__" : "TRUE",
      "__location_validation_msg__" : "Pass:__pin_is_valid__,__check_pin_resource__"
    },
    {
      "module" : "I_BUF",
      "name" : "$iopadmap$top.enable",
      "linked_object" : "enable",
      "linked_objects" : {
        "enable" : {
          "location" : "HP_1_3_1N",
          "properties" : {
          },
          "config_attributes" : [
            {
              "I_BUF" : "WEAK_KEEPER==NONE"
            },
            {
              "I_BUF" : "IOSTANDARD==DEFAULT"
            }
          ]
        }
      },
      "connectivity" : {
        "I" : "enable",
        "O" : "$iopadmap$enable"
      },
      "parameters" : {
        "WEAK_KEEPER" : "NONE"
      },
      "__location_validation__" : "TRUE",
      "__location_validation_msg__" : "Pass:__pin_is_valid__,__check_pin_resource__"
    },
    {
      "module" : "O_BUFT_DS",
      "name" : "o_buft_ds",
      "linked_object" : "dout_n+dout_p",
      "linked_objects" : {
        "dout_n" : {
          "location" : "HP_1_7_3N",
          "properties" : {
          },
          "config_attributes" : [
          ]
        },
        "dout_p" : {
          "location" : "HP_1_6_3P",
          "properties" : {
          },
          "config_attributes" : [
          ]
        }
      },
      "connectivity" : {
        "I" : "$iopadmap$din",
        "O_N" : "dout_n",
        "O_P" : "dout_p"
      },
      "parameters" : {
      },
      "__location_validation__" : "TRUE",
      "__location_validation_msg__" : "Pass:__ds_pin_is_valid__,__pin_is_differential__,__check_ds_pin_resource__"
    }
  ]
}
