{
  "instances" : [
    {
      "module" : "I_BUF",
      "name" : "$iopadmap$top.enable",
      "linked_object" : "enable",
      "linked_objects" : {
        "enable" : {
          "location" : "",
          "properties" : {
          },
          "config_attributes" : [
          ]
        }
      },
      "connectivity" : {
        "I" : "enable",
        "O" : "$iopadmap$enable"
      },
      "parameters" : {
        "WEAK_KEEPER" : "NONE"
      },
      "__location_validation__" : "FALSE",
      "__location_validation_msg__" : "Skip because Python is ignored"
    },
    {
      "module" : "I_BUF",
      "name" : "$iopadmap$top.reset",
      "linked_object" : "reset",
      "linked_objects" : {
        "reset" : {
          "location" : "",
          "properties" : {
          },
          "config_attributes" : [
          ]
        }
      },
      "connectivity" : {
        "I" : "reset",
        "O" : "$iopadmap$reset"
      },
      "parameters" : {
        "WEAK_KEEPER" : "NONE"
      },
      "__location_validation__" : "FALSE",
      "__location_validation_msg__" : "Skip because Python is ignored"
    },
    {
      "module" : "I_BUF",
      "name" : "clk_i_buf",
      "linked_object" : "clk",
      "linked_objects" : {
        "clk" : {
          "location" : "",
          "properties" : {
          },
          "config_attributes" : [
          ]
        }
      },
      "connectivity" : {
        "I" : "clk",
        "O" : "clk_buf_i"
      },
      "parameters" : {
      },
      "__location_validation__" : "FALSE",
      "__location_validation_msg__" : "Skip because Python is ignored"
    },
    {
      "module" : "CLK_BUF",
      "name" : "clk_buf",
      "linked_object" : "clk",
      "linked_objects" : {
        "clk" : {
          "location" : "",
          "properties" : {
            "ROUTE_TO_FABRIC_CLK" : "0"
          },
          "config_attributes" : [
          ]
        }
      },
      "connectivity" : {
        "I" : "clk_buf_i",
        "O" : "clk_clk_buf"
      },
      "parameters" : {
        "ROUTE_TO_FABRIC_CLK" : "0"
      },
      "__location_validation__" : "FALSE",
      "__location_validation_msg__" : "Skip because Python is ignored"
    },
    {
      "module" : "I_BUF",
      "name" : "i_buf",
      "linked_object" : "din",
      "linked_objects" : {
        "din" : {
          "location" : "",
          "properties" : {
          },
          "config_attributes" : [
          ]
        }
      },
      "connectivity" : {
        "I" : "din",
        "O" : "i_ddr_d"
      },
      "parameters" : {
      },
      "__location_validation__" : "FALSE",
      "__location_validation_msg__" : "Skip because Python is ignored"
    },
    {
      "module" : "I_DDR",
      "name" : "i_ddr",
      "linked_object" : "din",
      "linked_objects" : {
        "din" : {
          "location" : "",
          "properties" : {
          },
          "config_attributes" : [
          ]
        }
      },
      "connectivity" : {
        "D" : "i_ddr_d"
      },
      "parameters" : {
      },
      "__location_validation__" : "FALSE",
      "__location_validation_msg__" : "Skip because Python is ignored"
    },
    {
      "module" : "O_BUF",
      "name" : "o_buf",
      "linked_object" : "dout",
      "linked_objects" : {
        "dout" : {
          "location" : "",
          "properties" : {
          },
          "config_attributes" : [
          ]
        }
      },
      "connectivity" : {
        "I" : "o_buf_i",
        "O" : "dout"
      },
      "parameters" : {
      },
      "__location_validation__" : "FALSE",
      "__location_validation_msg__" : "Skip because Python is ignored"
    },
    {
      "module" : "O_DDR",
      "name" : "o_ddr",
      "linked_object" : "dout",
      "linked_objects" : {
        "dout" : {
          "location" : "",
          "properties" : {
          },
          "config_attributes" : [
          ]
        }
      },
      "connectivity" : {
        "Q" : "o_buf_i"
      },
      "parameters" : {
      },
      "__location_validation__" : "FALSE",
      "__location_validation_msg__" : "Skip because Python is ignored"
    }
  ]
}
