{
  "messages" : [
    "Start of IO Analysis",
    "  Get Ports",
    "    Detect input port \\din (index=0, width=1, offset=0)",
    "    Detect output port \\dout (index=0, width=1, offset=0)",
    "  Get Port Primitives",
    "    Get important connection of cell \\I_BUF $iopadmap$top.din",
    "      Cell port \\I is connected to input port \\din",
    "        Parameter \\WEAK_KEEPER: \"NONE\"",
    "    Get important connection of cell \\O_BUF $iopadmap$top.dout",
    "      Cell port \\O is connected to output port \\dout",
    "  Trace \\I_BUF --> \\CLK_BUF",
    "  Trace \\I_BUF --> \\PLL",
    "  Trace \\I_BUF --> \\I_DELAY",
    "  Trace \\I_BUF --> \\I_DDR",
    "  Trace \\I_BUF_DS --> \\I_DELAY",
    "  Trace \\I_BUF_DS --> \\I_DDR",
    "  Trace \\I_DELAY --> \\I_DDR",
    "  Trace \\O_BUF --> \\O_DELAY",
    "  Trace \\O_BUF --> \\O_DDR",
    "  Trace \\O_BUFT --> \\O_DELAY",
    "  Trace \\O_BUFT --> \\O_DDR",
    "  Trace \\O_BUF_DS --> \\O_DELAY",
    "  Trace \\O_BUF_DS --> \\O_DDR",
    "  Trace \\O_BUFT_DS --> \\O_DELAY",
    "  Trace \\O_BUFT_DS --> \\O_DDR",
    "  Trace \\O_DELAY --> \\O_DDR",
    "  Assign location HP_1_0_0P (and properties) to Port din",
    "  Assign location HP_1_1_0N (and properties) to Port dout",
    "End of IO Analysis"
  ],
  "instances" : [
    {
      "module" : "I_BUF",
      "name" : "$iopadmap$top.din",
      "linked_object" : "din",
      "linked_objects" : {
        "din" : {
          "location" : "HP_1_0_0P",
          "properties" : {
          }
        }
      },
      "connectivity" : {
        "I" : "din",
        "O" : "$iopadmap$din"
      },
      "parameters" : {
        "WEAK_KEEPER" : "NONE"
      }
    },
    {
      "module" : "O_BUF",
      "name" : "$iopadmap$top.dout",
      "linked_object" : "dout",
      "linked_objects" : {
        "dout" : {
          "location" : "HP_1_1_0N",
          "properties" : {
          }
        }
      },
      "connectivity" : {
        "I" : "$iopadmap$din",
        "O" : "dout"
      },
      "parameters" : {
      }
    }
  ]
}
