{
  "instances" : [
    {
      "module" : "I_BUF",
      "name" : "$iopadmap$top.din",
      "linked_object" : "din",
      "linked_objects" : {
        "din" : {
          "location" : "",
          "properties" : {
          },
          "config_attributes" : [
          ]
        }
      },
      "connectivity" : {
        "I" : "din",
        "O" : "$iopadmap$din"
      },
      "parameters" : {
        "WEAK_KEEPER" : "NONE"
      },
      "__location_validation__" : "FALSE",
      "__location_validation_msg__" : "Skip because Python is ignored"
    },
    {
      "module" : "O_BUF",
      "name" : "$iopadmap$top.dout",
      "linked_object" : "dout",
      "linked_objects" : {
        "dout" : {
          "location" : "",
          "properties" : {
          },
          "config_attributes" : [
          ]
        }
      },
      "connectivity" : {
        "I" : "$iopadmap$din",
        "O" : "dout"
      },
      "parameters" : {
      },
      "__location_validation__" : "FALSE",
      "__location_validation_msg__" : "Skip because Python is ignored"
    }
  ]
}
