{
  "instances" : [
    {
      "module" : "I_BUF",
      "name" : "$iopadmap$top.enable",
      "linked_object" : "enable",
      "linked_objects" : {
        "enable" : {
          "location" : "HP_1_3_1N",
          "properties" : {
          },
          "config_attributes" : [
            {
              "I_BUF" : "WEAK_KEEPER==NONE"
            },
            {
              "I_BUF" : "IOSTANDARD==DEFAULT"
            }
          ]
        }
      },
      "connectivity" : {
        "I" : "enable",
        "O" : "$iopadmap$enable"
      },
      "parameters" : {
        "WEAK_KEEPER" : "NONE"
      },
      "__location_validation__" : "TRUE",
      "__location_validation_msg__" : "Pass:__pin_is_valid__,__check_pin_resource__"
    },
    {
      "module" : "I_BUF",
      "name" : "$iopadmap$top.reset",
      "linked_object" : "reset",
      "linked_objects" : {
        "reset" : {
          "location" : "HP_1_2_1P",
          "properties" : {
          },
          "config_attributes" : [
            {
              "I_BUF" : "WEAK_KEEPER==NONE"
            },
            {
              "I_BUF" : "IOSTANDARD==DEFAULT"
            }
          ]
        }
      },
      "connectivity" : {
        "I" : "reset",
        "O" : "$iopadmap$reset"
      },
      "parameters" : {
        "WEAK_KEEPER" : "NONE"
      },
      "__location_validation__" : "TRUE",
      "__location_validation_msg__" : "Pass:__pin_is_valid__,__check_pin_resource__"
    },
    {
      "module" : "I_BUF",
      "name" : "clk_i_buf",
      "linked_object" : "clk",
      "linked_objects" : {
        "clk" : {
          "location" : "HP_1_CC_10_5P",
          "properties" : {
          },
          "config_attributes" : [
            {
              "I_BUF" : "WEAK_KEEPER==DEFAULT"
            },
            {
              "I_BUF" : "IOSTANDARD==DEFAULT"
            }
          ]
        }
      },
      "connectivity" : {
        "I" : "clk",
        "O" : "clk_buf_i"
      },
      "parameters" : {
      },
      "__location_validation__" : "TRUE",
      "__location_validation_msg__" : "Pass:__pin_is_valid__,__check_pin_resource__"
    },
    {
      "module" : "CLK_BUF",
      "name" : "clk_buf",
      "linked_object" : "clk",
      "linked_objects" : {
        "clk" : {
          "location" : "HP_1_CC_10_5P",
          "properties" : {
            "ROUTE_TO_FABRIC_CLK" : "0"
          },
          "config_attributes" : [
          ]
        }
      },
      "connectivity" : {
        "I" : "clk_buf_i",
        "O" : "clk_clk_buf"
      },
      "parameters" : {
        "ROUTE_TO_FABRIC_CLK" : "0"
      },
      "__location_validation__" : "TRUE",
      "__location_validation_msg__" : "Pass:__clock_pin_is_valid__,__check_fabric_clock_resource__,__update_fabric_clock_resource__"
    },
    {
      "module" : "I_BUF_DS",
      "name" : "i_buf_ds",
      "linked_object" : "din_n+din_p",
      "linked_objects" : {
        "din_n" : {
          "location" : "HP_1_5_2N",
          "properties" : {
          },
          "config_attributes" : [
          ]
        },
        "din_p" : {
          "location" : "HP_1_4_2P",
          "properties" : {
          },
          "config_attributes" : [
          ]
        }
      },
      "connectivity" : {
        "I_N" : "din_n",
        "I_P" : "din_p",
        "O" : "i_ddr_d"
      },
      "parameters" : {
      },
      "__location_validation__" : "TRUE",
      "__location_validation_msg__" : "Pass:__ds_pin_is_valid__,__pin_is_differential__,__check_ds_pin_resource__"
    },
    {
      "module" : "I_DDR",
      "name" : "i_ddr",
      "linked_object" : "din_n+din_p",
      "linked_objects" : {
        "din_n" : {
          "location" : "HP_1_5_2N",
          "properties" : {
          },
          "config_attributes" : [
          ]
        },
        "din_p" : {
          "location" : "HP_1_4_2P",
          "properties" : {
          },
          "config_attributes" : [
          ]
        }
      },
      "connectivity" : {
        "C" : "clk_clk_buf",
        "D" : "i_ddr_d"
      },
      "parameters" : {
      },
      "__location_validation__" : "TRUE",
      "__location_validation_msg__" : ""
    },
    {
      "module" : "O_BUF_DS",
      "name" : "o_buf_ds",
      "linked_object" : "dout_n+dout_p",
      "linked_objects" : {
        "dout_n" : {
          "location" : "HP_1_7_3N",
          "properties" : {
          },
          "config_attributes" : [
          ]
        },
        "dout_p" : {
          "location" : "HP_1_6_3P",
          "properties" : {
          },
          "config_attributes" : [
          ]
        }
      },
      "connectivity" : {
        "I" : "o_buf_ds_i",
        "O_N" : "dout_n",
        "O_P" : "dout_p"
      },
      "parameters" : {
      },
      "__location_validation__" : "TRUE",
      "__location_validation_msg__" : "Pass:__ds_pin_is_valid__,__pin_is_differential__,__check_ds_pin_resource__"
    },
    {
      "module" : "O_DDR",
      "name" : "o_ddr",
      "linked_object" : "dout_n+dout_p",
      "linked_objects" : {
        "dout_n" : {
          "location" : "HP_1_7_3N",
          "properties" : {
          },
          "config_attributes" : [
          ]
        },
        "dout_p" : {
          "location" : "HP_1_6_3P",
          "properties" : {
          },
          "config_attributes" : [
          ]
        }
      },
      "connectivity" : {
        "C" : "clk_clk_buf",
        "Q" : "o_buf_ds_i"
      },
      "parameters" : {
      },
      "__location_validation__" : "TRUE",
      "__location_validation_msg__" : ""
    }
  ]
}
