{
  "messages" : [
    "Start of IO Analysis",
    "  Get Ports",
    "    Detect input port \\clk (index=0, width=1, offset=0)",
    "    Detect input port \\delay_adj (index=0, width=1, offset=0)",
    "    Detect input port \\delay_incdec (index=0, width=1, offset=0)",
    "    Detect input port \\delay_load (index=0, width=1, offset=0)",
    "    Detect input port \\din (index=0, width=1, offset=0)",
    "    Detect output port \\dout (index=0, width=1, offset=0)",
    "    Detect input port \\enable (index=0, width=1, offset=0)",
    "    Detect output port \\i_delay_value (index=0, width=6, offset=0)",
    "    Detect output port \\i_delay_value (index=1, width=6, offset=0)",
    "    Detect output port \\i_delay_value (index=2, width=6, offset=0)",
    "    Detect output port \\i_delay_value (index=3, width=6, offset=0)",
    "    Detect output port \\i_delay_value (index=4, width=6, offset=0)",
    "    Detect output port \\i_delay_value (index=5, width=6, offset=0)",
    "    Detect output port \\o_delay_value (index=0, width=6, offset=0)",
    "    Detect output port \\o_delay_value (index=1, width=6, offset=0)",
    "    Detect output port \\o_delay_value (index=2, width=6, offset=0)",
    "    Detect output port \\o_delay_value (index=3, width=6, offset=0)",
    "    Detect output port \\o_delay_value (index=4, width=6, offset=0)",
    "    Detect output port \\o_delay_value (index=5, width=6, offset=0)",
    "    Detect input port \\reset (index=0, width=1, offset=0)",
    "  Get Port Primitives",
    "    Get important connection of cell \\I_BUF $iopadmap$top.delay_adj",
    "      Cell port \\I is connected to input port \\delay_adj",
    "        Parameter \\WEAK_KEEPER: \"NONE\"",
    "    Get important connection of cell \\I_BUF $iopadmap$top.delay_incdec",
    "      Cell port \\I is connected to input port \\delay_incdec",
    "        Parameter \\WEAK_KEEPER: \"NONE\"",
    "    Get important connection of cell \\I_BUF $iopadmap$top.delay_load",
    "      Cell port \\I is connected to input port \\delay_load",
    "        Parameter \\WEAK_KEEPER: \"NONE\"",
    "    Get important connection of cell \\I_BUF $iopadmap$top.din",
    "      Cell port \\I is connected to input port \\din",
    "        Parameter \\WEAK_KEEPER: \"NONE\"",
    "    Get important connection of cell \\O_BUF $iopadmap$top.dout",
    "      Cell port \\O is connected to output port \\dout",
    "    Get important connection of cell \\I_BUF $iopadmap$top.enable",
    "      Cell port \\I is connected to input port \\enable",
    "        Parameter \\WEAK_KEEPER: \"NONE\"",
    "    Get important connection of cell \\O_BUF $iopadmap$top.i_delay_value",
    "      Cell port \\O is connected to output port \\i_delay_value[0]",
    "    Get important connection of cell \\O_BUF $iopadmap$top.i_delay_value_1",
    "      Cell port \\O is connected to output port \\i_delay_value[1]",
    "    Get important connection of cell \\O_BUF $iopadmap$top.i_delay_value_2",
    "      Cell port \\O is connected to output port \\i_delay_value[2]",
    "    Get important connection of cell \\O_BUF $iopadmap$top.i_delay_value_3",
    "      Cell port \\O is connected to output port \\i_delay_value[3]",
    "    Get important connection of cell \\O_BUF $iopadmap$top.i_delay_value_4",
    "      Cell port \\O is connected to output port \\i_delay_value[4]",
    "    Get important connection of cell \\O_BUF $iopadmap$top.i_delay_value_5",
    "      Cell port \\O is connected to output port \\i_delay_value[5]",
    "    Get important connection of cell \\O_BUF $iopadmap$top.o_delay_value",
    "      Cell port \\O is connected to output port \\o_delay_value[0]",
    "    Get important connection of cell \\O_BUF $iopadmap$top.o_delay_value_1",
    "      Cell port \\O is connected to output port \\o_delay_value[1]",
    "    Get important connection of cell \\O_BUF $iopadmap$top.o_delay_value_2",
    "      Cell port \\O is connected to output port \\o_delay_value[2]",
    "    Get important connection of cell \\O_BUF $iopadmap$top.o_delay_value_3",
    "      Cell port \\O is connected to output port \\o_delay_value[3]",
    "    Get important connection of cell \\O_BUF $iopadmap$top.o_delay_value_4",
    "      Cell port \\O is connected to output port \\o_delay_value[4]",
    "    Get important connection of cell \\O_BUF $iopadmap$top.o_delay_value_5",
    "      Cell port \\O is connected to output port \\o_delay_value[5]",
    "    Get important connection of cell \\I_BUF $iopadmap$top.reset",
    "      Cell port \\I is connected to input port \\reset",
    "        Parameter \\WEAK_KEEPER: \"NONE\"",
    "    Get important connection of cell \\I_BUF \\clk_i_buf",
    "      Cell port \\I is connected to input port \\clk",
    "  Trace \\I_BUF --> \\CLK_BUF",
    "    Try \\I_BUF \\clk_i_buf out connection: \\clk_buf_i",
    "      Connected \\clk_buf",
    "  Trace \\I_BUF --> \\PLL",
    "  Trace \\I_BUF --> \\I_DELAY",
    "    Try \\I_BUF $iopadmap$top.din out connection: $iopadmap$din",
    "      Connected \\i_delay",
    "        Parameter \\DELAY: 50",
    "  Trace \\I_BUF --> \\I_DDR",
    "  Trace \\I_BUF_DS --> \\I_DELAY",
    "  Trace \\I_BUF_DS --> \\I_DDR",
    "  Trace \\I_DELAY --> \\I_DDR",
    "    Try \\I_DELAY \\i_delay out connection: \\i_ddr_d",
    "      Connected \\i_ddr",
    "  Trace \\O_BUF --> \\O_DELAY",
    "    Try \\O_BUF $iopadmap$top.dout out connection: $iopadmap$dout",
    "      Connected \\o_delay",
    "        Parameter \\DELAY: 60",
    "  Trace \\O_BUF --> \\O_DDR",
    "  Trace \\O_BUFT --> \\O_DELAY",
    "  Trace \\O_BUFT --> \\O_DDR",
    "  Trace \\O_BUF_DS --> \\O_DELAY",
    "  Trace \\O_BUF_DS --> \\O_DDR",
    "  Trace \\O_BUFT_DS --> \\O_DELAY",
    "  Trace \\O_BUFT_DS --> \\O_DDR",
    "  Trace \\O_DELAY --> \\O_DDR",
    "    Try \\O_DELAY \\o_delay out connection: \\o_delay_i",
    "      Connected \\o_ddr",
    "End of IO Analysis"
  ],
  "instances" : [
    {
      "module" : "I_BUF",
      "name" : "$iopadmap$top.delay_adj",
      "linked_object" : "delay_adj",
      "linked_objects" : {
        "delay_adj" : {
          "location" : "",
          "properties" : {
          }
        }
      },
      "connectivity" : {
        "I" : "delay_adj",
        "O" : "$iopadmap$delay_adj"
      },
      "parameters" : {
        "WEAK_KEEPER" : "NONE"
      }
    },
    {
      "module" : "I_BUF",
      "name" : "$iopadmap$top.delay_incdec",
      "linked_object" : "delay_incdec",
      "linked_objects" : {
        "delay_incdec" : {
          "location" : "",
          "properties" : {
          }
        }
      },
      "connectivity" : {
        "I" : "delay_incdec",
        "O" : "$iopadmap$delay_incdec"
      },
      "parameters" : {
        "WEAK_KEEPER" : "NONE"
      }
    },
    {
      "module" : "I_BUF",
      "name" : "$iopadmap$top.delay_load",
      "linked_object" : "delay_load",
      "linked_objects" : {
        "delay_load" : {
          "location" : "",
          "properties" : {
          }
        }
      },
      "connectivity" : {
        "I" : "delay_load",
        "O" : "$iopadmap$delay_load"
      },
      "parameters" : {
        "WEAK_KEEPER" : "NONE"
      }
    },
    {
      "module" : "I_BUF",
      "name" : "$iopadmap$top.din",
      "linked_object" : "din",
      "linked_objects" : {
        "din" : {
          "location" : "",
          "properties" : {
          }
        }
      },
      "connectivity" : {
        "I" : "din",
        "O" : "$iopadmap$din"
      },
      "parameters" : {
        "WEAK_KEEPER" : "NONE"
      }
    },
    {
      "module" : "I_DELAY",
      "name" : "i_delay",
      "linked_object" : "din",
      "linked_objects" : {
        "din" : {
          "location" : "",
          "properties" : {
          }
        }
      },
      "connectivity" : {
        "I" : "$iopadmap$din",
        "O" : "i_ddr_d"
      },
      "parameters" : {
        "DELAY" : "50"
      }
    },
    {
      "module" : "I_DDR",
      "name" : "i_ddr",
      "linked_object" : "din",
      "linked_objects" : {
        "din" : {
          "location" : "",
          "properties" : {
          }
        }
      },
      "connectivity" : {
        "D" : "i_ddr_d"
      },
      "parameters" : {
      }
    },
    {
      "module" : "O_DDR",
      "name" : "o_ddr",
      "linked_object" : "dout",
      "linked_objects" : {
        "dout" : {
          "location" : "",
          "properties" : {
          }
        }
      },
      "connectivity" : {
        "Q" : "o_delay_i"
      },
      "parameters" : {
      }
    },
    {
      "module" : "O_DELAY",
      "name" : "o_delay",
      "linked_object" : "dout",
      "linked_objects" : {
        "dout" : {
          "location" : "",
          "properties" : {
          }
        }
      },
      "connectivity" : {
        "I" : "o_delay_i",
        "O" : "$iopadmap$dout"
      },
      "parameters" : {
        "DELAY" : "60"
      }
    },
    {
      "module" : "O_BUF",
      "name" : "$iopadmap$top.dout",
      "linked_object" : "dout",
      "linked_objects" : {
        "dout" : {
          "location" : "",
          "properties" : {
          }
        }
      },
      "connectivity" : {
        "I" : "$iopadmap$dout",
        "O" : "dout"
      },
      "parameters" : {
      }
    },
    {
      "module" : "I_BUF",
      "name" : "$iopadmap$top.enable",
      "linked_object" : "enable",
      "linked_objects" : {
        "enable" : {
          "location" : "",
          "properties" : {
          }
        }
      },
      "connectivity" : {
        "I" : "enable",
        "O" : "$iopadmap$enable"
      },
      "parameters" : {
        "WEAK_KEEPER" : "NONE"
      }
    },
    {
      "module" : "O_BUF",
      "name" : "$iopadmap$top.i_delay_value",
      "linked_object" : "i_delay_value[0]",
      "linked_objects" : {
        "i_delay_value[0]" : {
          "location" : "",
          "properties" : {
          }
        }
      },
      "connectivity" : {
        "I" : "$iopadmap$i_delay_value[0]",
        "O" : "i_delay_value[0]"
      },
      "parameters" : {
      }
    },
    {
      "module" : "O_BUF",
      "name" : "$iopadmap$top.i_delay_value_1",
      "linked_object" : "i_delay_value[1]",
      "linked_objects" : {
        "i_delay_value[1]" : {
          "location" : "",
          "properties" : {
          }
        }
      },
      "connectivity" : {
        "I" : "$iopadmap$i_delay_value[1]",
        "O" : "i_delay_value[1]"
      },
      "parameters" : {
      }
    },
    {
      "module" : "O_BUF",
      "name" : "$iopadmap$top.i_delay_value_2",
      "linked_object" : "i_delay_value[2]",
      "linked_objects" : {
        "i_delay_value[2]" : {
          "location" : "",
          "properties" : {
          }
        }
      },
      "connectivity" : {
        "I" : "$iopadmap$i_delay_value[2]",
        "O" : "i_delay_value[2]"
      },
      "parameters" : {
      }
    },
    {
      "module" : "O_BUF",
      "name" : "$iopadmap$top.i_delay_value_3",
      "linked_object" : "i_delay_value[3]",
      "linked_objects" : {
        "i_delay_value[3]" : {
          "location" : "",
          "properties" : {
          }
        }
      },
      "connectivity" : {
        "I" : "$iopadmap$i_delay_value[3]",
        "O" : "i_delay_value[3]"
      },
      "parameters" : {
      }
    },
    {
      "module" : "O_BUF",
      "name" : "$iopadmap$top.i_delay_value_4",
      "linked_object" : "i_delay_value[4]",
      "linked_objects" : {
        "i_delay_value[4]" : {
          "location" : "",
          "properties" : {
          }
        }
      },
      "connectivity" : {
        "I" : "$iopadmap$i_delay_value[4]",
        "O" : "i_delay_value[4]"
      },
      "parameters" : {
      }
    },
    {
      "module" : "O_BUF",
      "name" : "$iopadmap$top.i_delay_value_5",
      "linked_object" : "i_delay_value[5]",
      "linked_objects" : {
        "i_delay_value[5]" : {
          "location" : "",
          "properties" : {
          }
        }
      },
      "connectivity" : {
        "I" : "$iopadmap$i_delay_value[5]",
        "O" : "i_delay_value[5]"
      },
      "parameters" : {
      }
    },
    {
      "module" : "O_BUF",
      "name" : "$iopadmap$top.o_delay_value",
      "linked_object" : "o_delay_value[0]",
      "linked_objects" : {
        "o_delay_value[0]" : {
          "location" : "",
          "properties" : {
          }
        }
      },
      "connectivity" : {
        "I" : "$iopadmap$o_delay_value[0]",
        "O" : "o_delay_value[0]"
      },
      "parameters" : {
      }
    },
    {
      "module" : "O_BUF",
      "name" : "$iopadmap$top.o_delay_value_1",
      "linked_object" : "o_delay_value[1]",
      "linked_objects" : {
        "o_delay_value[1]" : {
          "location" : "",
          "properties" : {
          }
        }
      },
      "connectivity" : {
        "I" : "$iopadmap$o_delay_value[1]",
        "O" : "o_delay_value[1]"
      },
      "parameters" : {
      }
    },
    {
      "module" : "O_BUF",
      "name" : "$iopadmap$top.o_delay_value_2",
      "linked_object" : "o_delay_value[2]",
      "linked_objects" : {
        "o_delay_value[2]" : {
          "location" : "",
          "properties" : {
          }
        }
      },
      "connectivity" : {
        "I" : "$iopadmap$o_delay_value[2]",
        "O" : "o_delay_value[2]"
      },
      "parameters" : {
      }
    },
    {
      "module" : "O_BUF",
      "name" : "$iopadmap$top.o_delay_value_3",
      "linked_object" : "o_delay_value[3]",
      "linked_objects" : {
        "o_delay_value[3]" : {
          "location" : "",
          "properties" : {
          }
        }
      },
      "connectivity" : {
        "I" : "$iopadmap$o_delay_value[3]",
        "O" : "o_delay_value[3]"
      },
      "parameters" : {
      }
    },
    {
      "module" : "O_BUF",
      "name" : "$iopadmap$top.o_delay_value_4",
      "linked_object" : "o_delay_value[4]",
      "linked_objects" : {
        "o_delay_value[4]" : {
          "location" : "",
          "properties" : {
          }
        }
      },
      "connectivity" : {
        "I" : "$iopadmap$o_delay_value[4]",
        "O" : "o_delay_value[4]"
      },
      "parameters" : {
      }
    },
    {
      "module" : "O_BUF",
      "name" : "$iopadmap$top.o_delay_value_5",
      "linked_object" : "o_delay_value[5]",
      "linked_objects" : {
        "o_delay_value[5]" : {
          "location" : "",
          "properties" : {
          }
        }
      },
      "connectivity" : {
        "I" : "$iopadmap$o_delay_value[5]",
        "O" : "o_delay_value[5]"
      },
      "parameters" : {
      }
    },
    {
      "module" : "I_BUF",
      "name" : "$iopadmap$top.reset",
      "linked_object" : "reset",
      "linked_objects" : {
        "reset" : {
          "location" : "",
          "properties" : {
          }
        }
      },
      "connectivity" : {
        "I" : "reset",
        "O" : "$iopadmap$reset"
      },
      "parameters" : {
        "WEAK_KEEPER" : "NONE"
      }
    },
    {
      "module" : "I_BUF",
      "name" : "clk_i_buf",
      "linked_object" : "clk",
      "linked_objects" : {
        "clk" : {
          "location" : "",
          "properties" : {
          }
        }
      },
      "connectivity" : {
        "I" : "clk",
        "O" : "clk_buf_i"
      },
      "parameters" : {
      }
    },
    {
      "module" : "CLK_BUF",
      "name" : "clk_buf",
      "linked_object" : "clk",
      "linked_objects" : {
        "clk" : {
          "location" : "",
          "properties" : {
          }
        }
      },
      "connectivity" : {
        "I" : "clk_buf_i",
        "O" : "clk_clk_buf"
      },
      "parameters" : {
      }
    }
  ]
}
