{
  "messages" : [
    "Start of IO Analysis",
    "  Get Ports",
    "    Detect input port \\clk (index=0, width=1, offset=0)",
    "    Detect input port \\delay_adj (index=0, width=1, offset=0)",
    "    Detect input port \\delay_incdec (index=0, width=1, offset=0)",
    "    Detect input port \\delay_load (index=0, width=1, offset=0)",
    "    Detect input port \\din (index=0, width=1, offset=0)",
    "    Detect output port \\dout (index=0, width=1, offset=0)",
    "    Detect input port \\enable (index=0, width=1, offset=0)",
    "    Detect output port \\i_delay_value (index=0, width=6, offset=0)",
    "    Detect output port \\i_delay_value (index=1, width=6, offset=0)",
    "    Detect output port \\i_delay_value (index=2, width=6, offset=0)",
    "    Detect output port \\i_delay_value (index=3, width=6, offset=0)",
    "    Detect output port \\i_delay_value (index=4, width=6, offset=0)",
    "    Detect output port \\i_delay_value (index=5, width=6, offset=0)",
    "    Detect output port \\o_delay_value (index=0, width=6, offset=0)",
    "    Detect output port \\o_delay_value (index=1, width=6, offset=0)",
    "    Detect output port \\o_delay_value (index=2, width=6, offset=0)",
    "    Detect output port \\o_delay_value (index=3, width=6, offset=0)",
    "    Detect output port \\o_delay_value (index=4, width=6, offset=0)",
    "    Detect output port \\o_delay_value (index=5, width=6, offset=0)",
    "    Detect input port \\reset (index=0, width=1, offset=0)",
    "  Get Port/Standalone Primitives",
    "    Get important connection of cell \\I_BUF $ibuf$top.$ibuf_delay_adj",
    "      Cell port \\I is connected to input port \\delay_adj",
    "        Parameter \\WEAK_KEEPER: \"NONE\"",
    "        Data Width: -2",
    "    Get important connection of cell \\I_BUF $ibuf$top.$ibuf_delay_incdec",
    "      Cell port \\I is connected to input port \\delay_incdec",
    "        Parameter \\WEAK_KEEPER: \"NONE\"",
    "        Data Width: -2",
    "    Get important connection of cell \\I_BUF $ibuf$top.$ibuf_delay_load",
    "      Cell port \\I is connected to input port \\delay_load",
    "        Parameter \\WEAK_KEEPER: \"NONE\"",
    "        Data Width: -2",
    "    Get important connection of cell \\I_BUF $ibuf$top.$ibuf_din",
    "      Cell port \\I is connected to input port \\din",
    "        Parameter \\WEAK_KEEPER: \"NONE\"",
    "        Data Width: -2",
    "    Get important connection of cell \\I_BUF $ibuf$top.$ibuf_enable",
    "      Cell port \\I is connected to input port \\enable",
    "        Parameter \\WEAK_KEEPER: \"NONE\"",
    "        Data Width: -2",
    "    Get important connection of cell \\I_BUF $ibuf$top.$ibuf_reset",
    "      Cell port \\I is connected to input port \\reset",
    "        Parameter \\WEAK_KEEPER: \"NONE\"",
    "        Data Width: -2",
    "    Get important connection of cell \\O_BUFT $obuf$top.$obuf_dout",
    "      Cell port \\O is connected to output port \\dout",
    "        Data Width: -2",
    "    Get important connection of cell \\O_BUFT $obuf$top.$obuf_i_delay_value",
    "      Cell port \\O is connected to output port \\i_delay_value[0]",
    "        Data Width: -2",
    "    Get important connection of cell \\O_BUFT $obuf$top.$obuf_i_delay_value_1",
    "      Cell port \\O is connected to output port \\i_delay_value[1]",
    "        Data Width: -2",
    "    Get important connection of cell \\O_BUFT $obuf$top.$obuf_i_delay_value_2",
    "      Cell port \\O is connected to output port \\i_delay_value[2]",
    "        Data Width: -2",
    "    Get important connection of cell \\O_BUFT $obuf$top.$obuf_i_delay_value_3",
    "      Cell port \\O is connected to output port \\i_delay_value[3]",
    "        Data Width: -2",
    "    Get important connection of cell \\O_BUFT $obuf$top.$obuf_i_delay_value_4",
    "      Cell port \\O is connected to output port \\i_delay_value[4]",
    "        Data Width: -2",
    "    Get important connection of cell \\O_BUFT $obuf$top.$obuf_i_delay_value_5",
    "      Cell port \\O is connected to output port \\i_delay_value[5]",
    "        Data Width: -2",
    "    Get important connection of cell \\O_BUFT $obuf$top.$obuf_o_delay_value",
    "      Cell port \\O is connected to output port \\o_delay_value[0]",
    "        Data Width: -2",
    "    Get important connection of cell \\O_BUFT $obuf$top.$obuf_o_delay_value_1",
    "      Cell port \\O is connected to output port \\o_delay_value[1]",
    "        Data Width: -2",
    "    Get important connection of cell \\O_BUFT $obuf$top.$obuf_o_delay_value_2",
    "      Cell port \\O is connected to output port \\o_delay_value[2]",
    "        Data Width: -2",
    "    Get important connection of cell \\O_BUFT $obuf$top.$obuf_o_delay_value_3",
    "      Cell port \\O is connected to output port \\o_delay_value[3]",
    "        Data Width: -2",
    "    Get important connection of cell \\O_BUFT $obuf$top.$obuf_o_delay_value_4",
    "      Cell port \\O is connected to output port \\o_delay_value[4]",
    "        Data Width: -2",
    "    Get important connection of cell \\O_BUFT $obuf$top.$obuf_o_delay_value_5",
    "      Cell port \\O is connected to output port \\o_delay_value[5]",
    "        Data Width: -2",
    "    Get important connection of cell \\I_BUF \\clk_i_buf",
    "      Cell port \\I is connected to input port \\clk",
    "        Data Width: -2",
    "  Trace \\I_BUF --> \\CLK_BUF",
    "    Try \\I_BUF \\clk_i_buf out connection: \\clk_buf_i -> \\clk_buf",
    "      Connected \\clk_buf",
    "        Data Width: -2",
    "  Trace \\I_BUF_DS --> \\CLK_BUF",
    "  Trace \\CLK_BUF --> \\PLL",
    "  Trace \\BOOT_CLOCK --> \\PLL",
    "  Trace \\I_BUF --> \\I_DELAY",
    "    Try \\I_BUF $ibuf$top.$ibuf_din out connection: $ibuf_din -> \\i_delay",
    "      Connected \\i_delay",
    "        Parameter \\DELAY: 50",
    "        Data Width: -2",
    "  Trace \\I_BUF --> \\I_DDR",
    "  Trace \\I_BUF --> \\I_SERDES",
    "  Trace \\I_BUF_DS --> \\I_DELAY",
    "  Trace \\I_BUF_DS --> \\I_DDR",
    "  Trace \\I_BUF_DS --> \\I_SERDES",
    "  Trace \\I_DELAY --> \\I_DDR",
    "    Try \\I_DELAY \\i_delay out connection: \\i_ddr_d -> \\i_ddr",
    "      Connected \\i_ddr",
    "        Data Width: -2",
    "  Trace \\I_DELAY --> \\I_SERDES",
    "  Trace \\O_BUF --> \\O_DELAY",
    "  Trace \\O_BUF --> \\O_DDR",
    "  Trace \\O_BUF --> \\O_SERDES",
    "  Trace \\O_BUFT --> \\O_DELAY",
    "    Try \\O_BUFT $obuf$top.$obuf_dout out connection: $obuf_dout -> \\o_delay",
    "      Connected \\o_delay",
    "        Parameter \\DELAY: 60",
    "        Data Width: -2",
    "  Trace \\O_BUFT --> \\O_DDR",
    "  Trace \\O_BUFT --> \\O_SERDES",
    "  Trace \\O_BUF_DS --> \\O_DELAY",
    "  Trace \\O_BUF_DS --> \\O_DDR",
    "  Trace \\O_BUF_DS --> \\O_SERDES",
    "  Trace \\O_BUFT_DS --> \\O_DELAY",
    "  Trace \\O_BUFT_DS --> \\O_DDR",
    "  Trace \\O_BUFT_DS --> \\O_SERDES",
    "  Trace \\O_DELAY --> \\O_DDR",
    "    Try \\O_DELAY \\o_delay out connection: \\o_delay_i -> \\o_ddr",
    "      Connected \\o_ddr",
    "        Data Width: -2",
    "  Trace \\O_DELAY --> \\O_SERDES",
    "  Trace \\O_BUF --> \\O_SERDES_CLK",
    "  Trace \\O_BUFT --> \\O_SERDES_CLK",
    "  Trace \\O_BUF_DS --> \\O_SERDES_CLK",
    "  Trace \\O_BUFT_DS --> \\O_SERDES_CLK",
    "  Trace fabric clock buffer",
    "  Trace gearbox fast clock source",
    "    \\I_DELAY \\i_delay port \\CLK_IN: \\clk_clk_buf",
    "      Ignore this because \\I_DDR \\i_ddr in chain has higher priority fast clock port",
    "    \\I_DDR \\i_ddr port \\C: \\clk_clk_buf",
    "      Connected to \\CLK_BUF \\clk_buf port \\O",
    "    \\O_DELAY \\o_delay port \\CLK_IN: \\clk_clk_buf",
    "      Connected to \\CLK_BUF \\clk_buf port \\O",
    "  Trace Core/Fabric Clock",
    "    Module \\CLK_BUF \\clk_buf: clock port \\O, net \\clk_clk_buf",
    "      Connected to cell \\I_DDR \\i_ddr",
    "        Which is a primitive",
    "        Does not meet core_clk checking criteria. Not sending to fabric",
    "      Connected to cell \\I_DELAY \\i_delay",
    "        Which is a primitive",
    "        This is gearbox core_clk. Send to fabric",
    "      Connected to cell \\O_DDR \\o_ddr",
    "        Which is a primitive",
    "        This is gearbox core_clk. Send to fabric",
    "      Connected to cell \\O_DELAY \\o_delay",
    "        Which is a primitive",
    "        This is gearbox core_clk. Send to fabric",
    "      Use slot 0",
    "  Double check Core/Fabric Clock",
    "    \\I_DELAY \\i_delay port \\CLK_IN",
    "      Good. Found clocking",
    "    \\O_DELAY \\o_delay port \\CLK_IN",
    "      Good. Found clocking",
    "    \\O_DDR \\o_ddr port \\C",
    "      Good. Found clocking",
    "  Summary",
    "        |----------------------------------------------------------------------------------------------|",
    "        |              **************************************************************                  |",
    "    IN  |    delay_adj * I_BUF                                                      *                  |",
    "    IN  | delay_incdec * I_BUF                                                      *                  |",
    "    IN  |   delay_load * I_BUF                                                      *                  |",
    "    IN  |          din * I_BUF |-> I_DELAY |-> I_DDR                                *                  |",
    "    IN  |       enable * I_BUF                                                      *                  |",
    "    IN  |        reset * I_BUF                                                      *                  |",
    "    OUT |              *                               O_DDR |-> O_DELAY |-> O_BUFT * dout             |",
    "    OUT |              *                                                     O_BUFT * i_delay_value[0] |",
    "    OUT |              *                                                     O_BUFT * i_delay_value[1] |",
    "    OUT |              *                                                     O_BUFT * i_delay_value[2] |",
    "    OUT |              *                                                     O_BUFT * i_delay_value[3] |",
    "    OUT |              *                                                     O_BUFT * i_delay_value[4] |",
    "    OUT |              *                                                     O_BUFT * i_delay_value[5] |",
    "    OUT |              *                                                     O_BUFT * o_delay_value[0] |",
    "    OUT |              *                                                     O_BUFT * o_delay_value[1] |",
    "    OUT |              *                                                     O_BUFT * o_delay_value[2] |",
    "    OUT |              *                                                     O_BUFT * o_delay_value[3] |",
    "    OUT |              *                                                     O_BUFT * o_delay_value[4] |",
    "    OUT |              *                                                     O_BUFT * o_delay_value[5] |",
    "    IN  |          clk * I_BUF |-> CLK_BUF                                          *                  |",
    "        |              **************************************************************                  |",
    "        |----------------------------------------------------------------------------------------------|",
    "  Final checking is good",
    "  Assign location HP_1_CC_18_9P (and properties) to Port clk",
    "  Assign location HP_1_0_0P (and properties) to Port din",
    "  Assign location HP_1_1_0N (and properties) to Port dout",
    "  Assign location HP_1_2_1P (and properties) to Port reset",
    "  Assign location HP_1_3_1N (and properties) to Port enable",
    "  Assign location HR_1_0_0P (and properties) to Port delay_load",
    "  Assign location HR_1_1_0N (and properties) to Port delay_adj",
    "  Assign location HR_1_3_1N (and properties) to Port delay_incdec",
    "  Assign location HR_5_0_0P (and properties) to Port i_delay_value[0]",
    "  Assign location HR_5_1_0N (and properties) to Port i_delay_value[1]",
    "  Assign location HR_5_2_1P (and properties) to Port i_delay_value[2]",
    "  Assign location HR_5_3_1N (and properties) to Port i_delay_value[3]",
    "  Assign location HR_5_4_2P (and properties) to Port i_delay_value[4]",
    "  Assign location HR_5_5_2N (and properties) to Port i_delay_value[5]",
    "  Assign location HR_5_6_3P (and properties) to Port o_delay_value[0]",
    "  Assign location HR_5_7_3N (and properties) to Port o_delay_value[1]",
    "  Assign location HR_5_8_4P (and properties) to Port o_delay_value[2]",
    "  Assign location HR_5_9_4N (and properties) to Port o_delay_value[3]",
    "  Assign location HR_5_CC_18_9P (and properties) to Port o_delay_value[4]",
    "  Assign location HR_5_CC_19_9N (and properties) to Port o_delay_value[5]",
    "  Cross-check instances vs wrapped-instances",
    "  Generate SDC",
    "    Determine data signals",
    "      Pin object=delay_adj, location: HR_1_1_0N",
    "        Data signal from object delay_adj",
    "          Module=I_BUF Linked-object=delay_adj Port=O Net=$ibuf_delay_adj - Found",
    "      Pin object=delay_incdec, location: HR_1_3_1N",
    "        Data signal from object delay_incdec",
    "          Module=I_BUF Linked-object=delay_incdec Port=O Net=$ibuf_delay_incdec - Found",
    "      Pin object=delay_load, location: HR_1_0_0P",
    "        Data signal from object delay_load",
    "          Module=I_BUF Linked-object=delay_load Port=O Net=$ibuf_delay_load - Found",
    "      Pin object=din, location: HP_1_0_0P",
    "        Data signal from object din",
    "          Module=I_DDR Linked-object=din Port=Q Net=o_ddr_d - Found",
    "          Module=I_DDR Linked-object=din Port=Q Net=$delete_wire$416 - Found",
    "      Pin object=enable, location: HP_1_3_1N",
    "        Data signal from object enable",
    "          Module=I_BUF Linked-object=enable Port=O Net=$ibuf_enable - Found",
    "      Pin object=reset, location: HP_1_2_1P",
    "        Data signal from object reset",
    "          Module=I_BUF Linked-object=reset Port=O Net=$ibuf_reset - Found",
    "      Pin object=dout, location: HP_1_1_0N",
    "        Data signal from object dout",
    "          Module=O_DDR Linked-object=dout Port=D Net=$auto_437 - Found",
    "          Module=O_DDR Linked-object=dout Port=D Net=__const_bit_0__ - Not found",
    "      Pin object=i_delay_value[0], location: HR_5_0_0P",
    "        Data signal from object i_delay_value[0]",
    "          Module=O_BUFT Linked-object=i_delay_value[0] Port=I Net=$obuf_i_delay_value[0] - Found",
    "      Pin object=i_delay_value[1], location: HR_5_1_0N",
    "        Data signal from object i_delay_value[1]",
    "          Module=O_BUFT Linked-object=i_delay_value[1] Port=I Net=$obuf_i_delay_value[1] - Found",
    "      Pin object=i_delay_value[2], location: HR_5_2_1P",
    "        Data signal from object i_delay_value[2]",
    "          Module=O_BUFT Linked-object=i_delay_value[2] Port=I Net=$obuf_i_delay_value[2] - Found",
    "      Pin object=i_delay_value[3], location: HR_5_3_1N",
    "        Data signal from object i_delay_value[3]",
    "          Module=O_BUFT Linked-object=i_delay_value[3] Port=I Net=$obuf_i_delay_value[3] - Found",
    "      Pin object=i_delay_value[4], location: HR_5_4_2P",
    "        Data signal from object i_delay_value[4]",
    "          Module=O_BUFT Linked-object=i_delay_value[4] Port=I Net=$obuf_i_delay_value[4] - Found",
    "      Pin object=i_delay_value[5], location: HR_5_5_2N",
    "        Data signal from object i_delay_value[5]",
    "          Module=O_BUFT Linked-object=i_delay_value[5] Port=I Net=$obuf_i_delay_value[5] - Found",
    "      Pin object=o_delay_value[0], location: HR_5_6_3P",
    "        Data signal from object o_delay_value[0]",
    "          Module=O_BUFT Linked-object=o_delay_value[0] Port=I Net=$obuf_o_delay_value[0] - Found",
    "      Pin object=o_delay_value[1], location: HR_5_7_3N",
    "        Data signal from object o_delay_value[1]",
    "          Module=O_BUFT Linked-object=o_delay_value[1] Port=I Net=$obuf_o_delay_value[1] - Found",
    "      Pin object=o_delay_value[2], location: HR_5_8_4P",
    "        Data signal from object o_delay_value[2]",
    "          Module=O_BUFT Linked-object=o_delay_value[2] Port=I Net=$obuf_o_delay_value[2] - Found",
    "      Pin object=o_delay_value[3], location: HR_5_9_4N",
    "        Data signal from object o_delay_value[3]",
    "          Module=O_BUFT Linked-object=o_delay_value[3] Port=I Net=$obuf_o_delay_value[3] - Found",
    "      Pin object=o_delay_value[4], location: HR_5_CC_18_9P",
    "        Data signal from object o_delay_value[4]",
    "          Module=O_BUFT Linked-object=o_delay_value[4] Port=I Net=$obuf_o_delay_value[4] - Found",
    "      Pin object=o_delay_value[5], location: HR_5_CC_19_9N",
    "        Data signal from object o_delay_value[5]",
    "          Module=O_BUFT Linked-object=o_delay_value[5] Port=I Net=$obuf_o_delay_value[5] - Found",
    "      Pin object=clk, location: HP_1_CC_18_9P",
    "        Data signal from object clk",
    "          Module=I_BUF Linked-object=clk Port=O Net=$auto_441.clk_buf_i - Not found",
    "          Fail reason: Clock data from object clk port O is not routed to fabric",
    "    Determine internal control signals",
    "      Module=I_BUF LinkedObject=delay_adj Location=HR_1_1_0N Port=EN Signal=in:f2g_in_en_{A|B}",
    "      Module=I_BUF LinkedObject=delay_incdec Location=HR_1_3_1N Port=EN Signal=in:f2g_in_en_{A|B}",
    "      Module=I_BUF LinkedObject=delay_load Location=HR_1_0_0P Port=EN Signal=in:f2g_in_en_{A|B}",
    "      Module=I_BUF LinkedObject=din Location=HP_1_0_0P Port=EN Signal=in:f2g_in_en_{A|B}",
    "      Module=I_DELAY LinkedObject=din Location=HP_1_0_0P Port=DLY_ADJ Signal=in:rule=half-first:f2g_trx_dly_adj",
    "      Module=I_DELAY LinkedObject=din Location=HP_1_0_0P Port=DLY_INCDEC Signal=in:rule=half-first:f2g_trx_dly_inc",
    "      Module=I_DELAY LinkedObject=din Location=HP_1_0_0P Port=DLY_LOAD Signal=in:rule=half-first:f2g_trx_dly_ld",
    "      Module=I_DELAY LinkedObject=din Location=HP_1_0_0P Port=DLY_TAP_VALUE Signal=out:rule=half-first:g2f_trx_dly_tap",
    "      Module=I_DDR LinkedObject=din Location=HP_1_0_0P Port=E Signal=in:TO_BE_DETERMINED",
    "        Skip reason: TO_BE_DETERMINED",
    "      Module=I_DDR LinkedObject=din Location=HP_1_0_0P Port=R Signal=in:TO_BE_DETERMINED",
    "        Skip reason: TO_BE_DETERMINED",
    "      Module=I_BUF LinkedObject=enable Location=HP_1_3_1N Port=EN Signal=in:f2g_in_en_{A|B}",
    "      Module=I_BUF LinkedObject=reset Location=HP_1_2_1P Port=EN Signal=in:f2g_in_en_{A|B}",
    "      Module=O_BUFT LinkedObject=dout Location=HP_1_1_0N Port=T Signal=in:f2g_tx_oe_{A|B}",
    "      Module=O_DELAY LinkedObject=dout Location=HP_1_1_0N Port=DLY_ADJ Signal=in:rule=half-first:f2g_trx_dly_adj",
    "        Fail reason: Assigned location HP_1_0_0P and internal signal f2g_trx_dly_adj had already been used",
    "      Module=O_DELAY LinkedObject=dout Location=HP_1_1_0N Port=DLY_INCDEC Signal=in:rule=half-first:f2g_trx_dly_inc",
    "        Fail reason: Assigned location HP_1_0_0P and internal signal f2g_trx_dly_inc had already been used",
    "      Module=O_DELAY LinkedObject=dout Location=HP_1_1_0N Port=DLY_LOAD Signal=in:rule=half-first:f2g_trx_dly_ld",
    "        Fail reason: Assigned location HP_1_0_0P and internal signal f2g_trx_dly_ld had already been used",
    "      Module=O_DELAY LinkedObject=dout Location=HP_1_1_0N Port=DLY_TAP_VALUE Signal=out:rule=half-first:g2f_trx_dly_tap",
    "        Fail reason: Assigned location HP_1_0_0P and internal signal g2f_trx_dly_tap[0] had already been used",
    "        Fail reason: Assigned location HP_1_0_0P and internal signal g2f_trx_dly_tap[1] had already been used",
    "        Fail reason: Assigned location HP_1_0_0P and internal signal g2f_trx_dly_tap[2] had already been used",
    "        Fail reason: Assigned location HP_1_0_0P and internal signal g2f_trx_dly_tap[3] had already been used",
    "        Fail reason: Assigned location HP_1_0_0P and internal signal g2f_trx_dly_tap[4] had already been used",
    "        Fail reason: Assigned location HP_1_0_0P and internal signal g2f_trx_dly_tap[5] had already been used",
    "      Module=O_DDR LinkedObject=dout Location=HP_1_1_0N Port=E Signal=in:TO_BE_DETERMINED",
    "        Skip reason: TO_BE_DETERMINED",
    "      Module=O_DDR LinkedObject=dout Location=HP_1_1_0N Port=R Signal=in:TO_BE_DETERMINED",
    "        Skip reason: TO_BE_DETERMINED",
    "      Module=O_BUFT LinkedObject=i_delay_value[0] Location=HR_5_0_0P Port=T Signal=in:f2g_tx_oe_{A|B}",
    "      Module=O_BUFT LinkedObject=i_delay_value[1] Location=HR_5_1_0N Port=T Signal=in:f2g_tx_oe_{A|B}",
    "      Module=O_BUFT LinkedObject=i_delay_value[2] Location=HR_5_2_1P Port=T Signal=in:f2g_tx_oe_{A|B}",
    "      Module=O_BUFT LinkedObject=i_delay_value[3] Location=HR_5_3_1N Port=T Signal=in:f2g_tx_oe_{A|B}",
    "      Module=O_BUFT LinkedObject=i_delay_value[4] Location=HR_5_4_2P Port=T Signal=in:f2g_tx_oe_{A|B}",
    "      Module=O_BUFT LinkedObject=i_delay_value[5] Location=HR_5_5_2N Port=T Signal=in:f2g_tx_oe_{A|B}",
    "      Module=O_BUFT LinkedObject=o_delay_value[0] Location=HR_5_6_3P Port=T Signal=in:f2g_tx_oe_{A|B}",
    "      Module=O_BUFT LinkedObject=o_delay_value[1] Location=HR_5_7_3N Port=T Signal=in:f2g_tx_oe_{A|B}",
    "      Module=O_BUFT LinkedObject=o_delay_value[2] Location=HR_5_8_4P Port=T Signal=in:f2g_tx_oe_{A|B}",
    "      Module=O_BUFT LinkedObject=o_delay_value[3] Location=HR_5_9_4N Port=T Signal=in:f2g_tx_oe_{A|B}",
    "      Module=O_BUFT LinkedObject=o_delay_value[4] Location=HR_5_CC_18_9P Port=T Signal=in:f2g_tx_oe_{A|B}",
    "      Module=O_BUFT LinkedObject=o_delay_value[5] Location=HR_5_CC_19_9N Port=T Signal=in:f2g_tx_oe_{A|B}",
    "      Module=I_BUF LinkedObject=clk Location=HP_1_CC_18_9P Port=EN Signal=in:f2g_in_en_{A|B}",
    "End of IO Analysis"
  ],
  "instances" : [
    {
      "module" : "I_BUF",
      "name" : "$ibuf$top.$ibuf_delay_adj",
      "location_object" : "delay_adj",
      "location" : "HR_1_1_0N",
      "linked_object" : "delay_adj",
      "linked_objects" : {
        "delay_adj" : {
          "location" : "HR_1_1_0N",
          "properties" : {
          }
        }
      },
      "connectivity" : {
        "I" : "delay_adj",
        "O" : "$ibuf_delay_adj"
      },
      "parameters" : {
        "WEAK_KEEPER" : "NONE"
      },
      "flags" : [
        "I_BUF"
      ],
      "pre_primitive" : "",
      "post_primitives" : [
      ],
      "route_clock_to" : {
      },
      "errors" : [
      ]
    },
    {
      "module" : "I_BUF",
      "name" : "$ibuf$top.$ibuf_delay_incdec",
      "location_object" : "delay_incdec",
      "location" : "HR_1_3_1N",
      "linked_object" : "delay_incdec",
      "linked_objects" : {
        "delay_incdec" : {
          "location" : "HR_1_3_1N",
          "properties" : {
          }
        }
      },
      "connectivity" : {
        "I" : "delay_incdec",
        "O" : "$ibuf_delay_incdec"
      },
      "parameters" : {
        "WEAK_KEEPER" : "NONE"
      },
      "flags" : [
        "I_BUF"
      ],
      "pre_primitive" : "",
      "post_primitives" : [
      ],
      "route_clock_to" : {
      },
      "errors" : [
      ]
    },
    {
      "module" : "I_BUF",
      "name" : "$ibuf$top.$ibuf_delay_load",
      "location_object" : "delay_load",
      "location" : "HR_1_0_0P",
      "linked_object" : "delay_load",
      "linked_objects" : {
        "delay_load" : {
          "location" : "HR_1_0_0P",
          "properties" : {
          }
        }
      },
      "connectivity" : {
        "I" : "delay_load",
        "O" : "$ibuf_delay_load"
      },
      "parameters" : {
        "WEAK_KEEPER" : "NONE"
      },
      "flags" : [
        "I_BUF"
      ],
      "pre_primitive" : "",
      "post_primitives" : [
      ],
      "route_clock_to" : {
      },
      "errors" : [
      ]
    },
    {
      "module" : "I_BUF",
      "name" : "$ibuf$top.$ibuf_din",
      "location_object" : "din",
      "location" : "HP_1_0_0P",
      "linked_object" : "din",
      "linked_objects" : {
        "din" : {
          "location" : "HP_1_0_0P",
          "properties" : {
          }
        }
      },
      "connectivity" : {
        "I" : "din",
        "O" : "$ibuf_din"
      },
      "parameters" : {
        "WEAK_KEEPER" : "NONE"
      },
      "flags" : [
        "I_BUF"
      ],
      "pre_primitive" : "",
      "post_primitives" : [
        "I_DELAY"
      ],
      "route_clock_to" : {
      },
      "errors" : [
      ]
    },
    {
      "module" : "I_DELAY",
      "name" : "i_delay",
      "location_object" : "din",
      "location" : "HP_1_0_0P",
      "linked_object" : "din",
      "linked_objects" : {
        "din" : {
          "location" : "HP_1_0_0P",
          "properties" : {
          }
        }
      },
      "connectivity" : {
        "CLK_IN" : "clk_clk_buf",
        "I" : "$ibuf_din",
        "O" : "i_ddr_d"
      },
      "parameters" : {
        "DELAY" : "50"
      },
      "flags" : [
        "I_DELAY"
      ],
      "pre_primitive" : "I_BUF",
      "post_primitives" : [
        "I_DDR"
      ],
      "route_clock_to" : {
      },
      "errors" : [
      ]
    },
    {
      "module" : "I_DDR",
      "name" : "i_ddr",
      "location_object" : "din",
      "location" : "HP_1_0_0P",
      "linked_object" : "din",
      "linked_objects" : {
        "din" : {
          "location" : "HP_1_0_0P",
          "properties" : {
          }
        }
      },
      "connectivity" : {
        "C" : "clk_clk_buf",
        "D" : "i_ddr_d"
      },
      "parameters" : {
      },
      "flags" : [
        "I_DDR"
      ],
      "pre_primitive" : "I_DELAY",
      "post_primitives" : [
      ],
      "route_clock_to" : {
      },
      "errors" : [
      ]
    },
    {
      "module" : "I_BUF",
      "name" : "$ibuf$top.$ibuf_enable",
      "location_object" : "enable",
      "location" : "HP_1_3_1N",
      "linked_object" : "enable",
      "linked_objects" : {
        "enable" : {
          "location" : "HP_1_3_1N",
          "properties" : {
          }
        }
      },
      "connectivity" : {
        "I" : "enable",
        "O" : "$ibuf_enable"
      },
      "parameters" : {
        "WEAK_KEEPER" : "NONE"
      },
      "flags" : [
        "I_BUF"
      ],
      "pre_primitive" : "",
      "post_primitives" : [
      ],
      "route_clock_to" : {
      },
      "errors" : [
      ]
    },
    {
      "module" : "I_BUF",
      "name" : "$ibuf$top.$ibuf_reset",
      "location_object" : "reset",
      "location" : "HP_1_2_1P",
      "linked_object" : "reset",
      "linked_objects" : {
        "reset" : {
          "location" : "HP_1_2_1P",
          "properties" : {
          }
        }
      },
      "connectivity" : {
        "I" : "reset",
        "O" : "$ibuf_reset"
      },
      "parameters" : {
        "WEAK_KEEPER" : "NONE"
      },
      "flags" : [
        "I_BUF"
      ],
      "pre_primitive" : "",
      "post_primitives" : [
      ],
      "route_clock_to" : {
      },
      "errors" : [
      ]
    },
    {
      "module" : "O_BUFT",
      "name" : "$obuf$top.$obuf_dout",
      "location_object" : "dout",
      "location" : "HP_1_1_0N",
      "linked_object" : "dout",
      "linked_objects" : {
        "dout" : {
          "location" : "HP_1_1_0N",
          "properties" : {
          }
        }
      },
      "connectivity" : {
        "I" : "$obuf_dout",
        "O" : "dout"
      },
      "parameters" : {
      },
      "flags" : [
        "O_BUFT"
      ],
      "pre_primitive" : "",
      "post_primitives" : [
        "O_DELAY"
      ],
      "route_clock_to" : {
      },
      "errors" : [
      ]
    },
    {
      "module" : "O_DELAY",
      "name" : "o_delay",
      "location_object" : "dout",
      "location" : "HP_1_1_0N",
      "linked_object" : "dout",
      "linked_objects" : {
        "dout" : {
          "location" : "HP_1_1_0N",
          "properties" : {
          }
        }
      },
      "connectivity" : {
        "CLK_IN" : "clk_clk_buf",
        "I" : "o_delay_i",
        "O" : "$obuf_dout"
      },
      "parameters" : {
        "DELAY" : "60"
      },
      "flags" : [
        "O_DELAY"
      ],
      "pre_primitive" : "O_BUFT",
      "post_primitives" : [
        "O_DDR"
      ],
      "route_clock_to" : {
      },
      "errors" : [
      ]
    },
    {
      "module" : "O_DDR",
      "name" : "o_ddr",
      "location_object" : "dout",
      "location" : "HP_1_1_0N",
      "linked_object" : "dout",
      "linked_objects" : {
        "dout" : {
          "location" : "HP_1_1_0N",
          "properties" : {
          }
        }
      },
      "connectivity" : {
        "C" : "clk_clk_buf",
        "Q" : "o_delay_i"
      },
      "parameters" : {
      },
      "flags" : [
        "O_DDR"
      ],
      "pre_primitive" : "O_DELAY",
      "post_primitives" : [
      ],
      "route_clock_to" : {
      },
      "errors" : [
      ]
    },
    {
      "module" : "O_BUFT",
      "name" : "$obuf$top.$obuf_i_delay_value",
      "location_object" : "i_delay_value[0]",
      "location" : "HR_5_0_0P",
      "linked_object" : "i_delay_value[0]",
      "linked_objects" : {
        "i_delay_value[0]" : {
          "location" : "HR_5_0_0P",
          "properties" : {
          }
        }
      },
      "connectivity" : {
        "I" : "$obuf_i_delay_value[0]",
        "O" : "i_delay_value[0]"
      },
      "parameters" : {
      },
      "flags" : [
        "O_BUFT"
      ],
      "pre_primitive" : "",
      "post_primitives" : [
      ],
      "route_clock_to" : {
      },
      "errors" : [
      ]
    },
    {
      "module" : "O_BUFT",
      "name" : "$obuf$top.$obuf_i_delay_value_1",
      "location_object" : "i_delay_value[1]",
      "location" : "HR_5_1_0N",
      "linked_object" : "i_delay_value[1]",
      "linked_objects" : {
        "i_delay_value[1]" : {
          "location" : "HR_5_1_0N",
          "properties" : {
          }
        }
      },
      "connectivity" : {
        "I" : "$obuf_i_delay_value[1]",
        "O" : "i_delay_value[1]"
      },
      "parameters" : {
      },
      "flags" : [
        "O_BUFT"
      ],
      "pre_primitive" : "",
      "post_primitives" : [
      ],
      "route_clock_to" : {
      },
      "errors" : [
      ]
    },
    {
      "module" : "O_BUFT",
      "name" : "$obuf$top.$obuf_i_delay_value_2",
      "location_object" : "i_delay_value[2]",
      "location" : "HR_5_2_1P",
      "linked_object" : "i_delay_value[2]",
      "linked_objects" : {
        "i_delay_value[2]" : {
          "location" : "HR_5_2_1P",
          "properties" : {
          }
        }
      },
      "connectivity" : {
        "I" : "$obuf_i_delay_value[2]",
        "O" : "i_delay_value[2]"
      },
      "parameters" : {
      },
      "flags" : [
        "O_BUFT"
      ],
      "pre_primitive" : "",
      "post_primitives" : [
      ],
      "route_clock_to" : {
      },
      "errors" : [
      ]
    },
    {
      "module" : "O_BUFT",
      "name" : "$obuf$top.$obuf_i_delay_value_3",
      "location_object" : "i_delay_value[3]",
      "location" : "HR_5_3_1N",
      "linked_object" : "i_delay_value[3]",
      "linked_objects" : {
        "i_delay_value[3]" : {
          "location" : "HR_5_3_1N",
          "properties" : {
          }
        }
      },
      "connectivity" : {
        "I" : "$obuf_i_delay_value[3]",
        "O" : "i_delay_value[3]"
      },
      "parameters" : {
      },
      "flags" : [
        "O_BUFT"
      ],
      "pre_primitive" : "",
      "post_primitives" : [
      ],
      "route_clock_to" : {
      },
      "errors" : [
      ]
    },
    {
      "module" : "O_BUFT",
      "name" : "$obuf$top.$obuf_i_delay_value_4",
      "location_object" : "i_delay_value[4]",
      "location" : "HR_5_4_2P",
      "linked_object" : "i_delay_value[4]",
      "linked_objects" : {
        "i_delay_value[4]" : {
          "location" : "HR_5_4_2P",
          "properties" : {
          }
        }
      },
      "connectivity" : {
        "I" : "$obuf_i_delay_value[4]",
        "O" : "i_delay_value[4]"
      },
      "parameters" : {
      },
      "flags" : [
        "O_BUFT"
      ],
      "pre_primitive" : "",
      "post_primitives" : [
      ],
      "route_clock_to" : {
      },
      "errors" : [
      ]
    },
    {
      "module" : "O_BUFT",
      "name" : "$obuf$top.$obuf_i_delay_value_5",
      "location_object" : "i_delay_value[5]",
      "location" : "HR_5_5_2N",
      "linked_object" : "i_delay_value[5]",
      "linked_objects" : {
        "i_delay_value[5]" : {
          "location" : "HR_5_5_2N",
          "properties" : {
          }
        }
      },
      "connectivity" : {
        "I" : "$obuf_i_delay_value[5]",
        "O" : "i_delay_value[5]"
      },
      "parameters" : {
      },
      "flags" : [
        "O_BUFT"
      ],
      "pre_primitive" : "",
      "post_primitives" : [
      ],
      "route_clock_to" : {
      },
      "errors" : [
      ]
    },
    {
      "module" : "O_BUFT",
      "name" : "$obuf$top.$obuf_o_delay_value",
      "location_object" : "o_delay_value[0]",
      "location" : "HR_5_6_3P",
      "linked_object" : "o_delay_value[0]",
      "linked_objects" : {
        "o_delay_value[0]" : {
          "location" : "HR_5_6_3P",
          "properties" : {
          }
        }
      },
      "connectivity" : {
        "I" : "$obuf_o_delay_value[0]",
        "O" : "o_delay_value[0]"
      },
      "parameters" : {
      },
      "flags" : [
        "O_BUFT"
      ],
      "pre_primitive" : "",
      "post_primitives" : [
      ],
      "route_clock_to" : {
      },
      "errors" : [
      ]
    },
    {
      "module" : "O_BUFT",
      "name" : "$obuf$top.$obuf_o_delay_value_1",
      "location_object" : "o_delay_value[1]",
      "location" : "HR_5_7_3N",
      "linked_object" : "o_delay_value[1]",
      "linked_objects" : {
        "o_delay_value[1]" : {
          "location" : "HR_5_7_3N",
          "properties" : {
          }
        }
      },
      "connectivity" : {
        "I" : "$obuf_o_delay_value[1]",
        "O" : "o_delay_value[1]"
      },
      "parameters" : {
      },
      "flags" : [
        "O_BUFT"
      ],
      "pre_primitive" : "",
      "post_primitives" : [
      ],
      "route_clock_to" : {
      },
      "errors" : [
      ]
    },
    {
      "module" : "O_BUFT",
      "name" : "$obuf$top.$obuf_o_delay_value_2",
      "location_object" : "o_delay_value[2]",
      "location" : "HR_5_8_4P",
      "linked_object" : "o_delay_value[2]",
      "linked_objects" : {
        "o_delay_value[2]" : {
          "location" : "HR_5_8_4P",
          "properties" : {
          }
        }
      },
      "connectivity" : {
        "I" : "$obuf_o_delay_value[2]",
        "O" : "o_delay_value[2]"
      },
      "parameters" : {
      },
      "flags" : [
        "O_BUFT"
      ],
      "pre_primitive" : "",
      "post_primitives" : [
      ],
      "route_clock_to" : {
      },
      "errors" : [
      ]
    },
    {
      "module" : "O_BUFT",
      "name" : "$obuf$top.$obuf_o_delay_value_3",
      "location_object" : "o_delay_value[3]",
      "location" : "HR_5_9_4N",
      "linked_object" : "o_delay_value[3]",
      "linked_objects" : {
        "o_delay_value[3]" : {
          "location" : "HR_5_9_4N",
          "properties" : {
          }
        }
      },
      "connectivity" : {
        "I" : "$obuf_o_delay_value[3]",
        "O" : "o_delay_value[3]"
      },
      "parameters" : {
      },
      "flags" : [
        "O_BUFT"
      ],
      "pre_primitive" : "",
      "post_primitives" : [
      ],
      "route_clock_to" : {
      },
      "errors" : [
      ]
    },
    {
      "module" : "O_BUFT",
      "name" : "$obuf$top.$obuf_o_delay_value_4",
      "location_object" : "o_delay_value[4]",
      "location" : "HR_5_CC_18_9P",
      "linked_object" : "o_delay_value[4]",
      "linked_objects" : {
        "o_delay_value[4]" : {
          "location" : "HR_5_CC_18_9P",
          "properties" : {
          }
        }
      },
      "connectivity" : {
        "I" : "$obuf_o_delay_value[4]",
        "O" : "o_delay_value[4]"
      },
      "parameters" : {
      },
      "flags" : [
        "O_BUFT"
      ],
      "pre_primitive" : "",
      "post_primitives" : [
      ],
      "route_clock_to" : {
      },
      "errors" : [
      ]
    },
    {
      "module" : "O_BUFT",
      "name" : "$obuf$top.$obuf_o_delay_value_5",
      "location_object" : "o_delay_value[5]",
      "location" : "HR_5_CC_19_9N",
      "linked_object" : "o_delay_value[5]",
      "linked_objects" : {
        "o_delay_value[5]" : {
          "location" : "HR_5_CC_19_9N",
          "properties" : {
          }
        }
      },
      "connectivity" : {
        "I" : "$obuf_o_delay_value[5]",
        "O" : "o_delay_value[5]"
      },
      "parameters" : {
      },
      "flags" : [
        "O_BUFT"
      ],
      "pre_primitive" : "",
      "post_primitives" : [
      ],
      "route_clock_to" : {
      },
      "errors" : [
      ]
    },
    {
      "module" : "I_BUF",
      "name" : "clk_i_buf",
      "location_object" : "clk",
      "location" : "HP_1_CC_18_9P",
      "linked_object" : "clk",
      "linked_objects" : {
        "clk" : {
          "location" : "HP_1_CC_18_9P",
          "properties" : {
          }
        }
      },
      "connectivity" : {
        "I" : "clk",
        "O" : "clk_buf_i"
      },
      "parameters" : {
      },
      "flags" : [
        "I_BUF"
      ],
      "pre_primitive" : "",
      "post_primitives" : [
        "CLK_BUF"
      ],
      "route_clock_to" : {
      },
      "errors" : [
      ]
    },
    {
      "module" : "CLK_BUF",
      "name" : "clk_buf",
      "location_object" : "clk",
      "location" : "HP_1_CC_18_9P",
      "linked_object" : "clk",
      "linked_objects" : {
        "clk" : {
          "location" : "HP_1_CC_18_9P",
          "properties" : {
            "ROUTE_TO_FABRIC_CLK" : "0"
          }
        }
      },
      "connectivity" : {
        "I" : "clk_buf_i",
        "O" : "clk_clk_buf"
      },
      "parameters" : {
        "ROUTE_TO_FABRIC_CLK" : "0"
      },
      "flags" : [
        "CLK_BUF"
      ],
      "pre_primitive" : "I_BUF",
      "post_primitives" : [
      ],
      "route_clock_to" : {
        "O" : [
          "i_ddr",
          "o_delay"
        ]
      },
      "errors" : [
      ]
    }
  ]
}
